ERROR 2019-10-16 14:28:36,286 exception 77 Invalid HTTP_HOST header: '127.0.0.1:8000'. You may need to add '127.0.0.1' to ALLOWED_HOSTS.
WARNING 2019-10-16 14:28:39,988 log 228 Bad Request: /
WARNING 2019-10-16 14:28:39,989 basehttp 124 "GET / HTTP/1.1" 400 68480
ERROR 2019-10-16 14:28:40,211 exception 77 Invalid HTTP_HOST header: '127.0.0.1:8000'. You may need to add '127.0.0.1' to ALLOWED_HOSTS.
WARNING 2019-10-16 14:28:40,266 log 228 Bad Request: /favicon.ico
WARNING 2019-10-16 14:28:40,267 basehttp 124 "GET /favicon.ico HTTP/1.1" 400 68403
ERROR 2019-10-16 14:31:43,012 exception 77 Invalid HTTP_HOST header: '127.0.0.1:8000'. You may need to add '127.0.0.1' to ALLOWED_HOSTS.
WARNING 2019-10-16 14:31:43,303 log 228 Bad Request: /
WARNING 2019-10-16 14:31:43,318 basehttp 124 "GET / HTTP/1.1" 400 68481
ERROR 2019-10-16 14:31:43,566 exception 77 Invalid HTTP_HOST header: '127.0.0.1:8000'. You may need to add '127.0.0.1' to ALLOWED_HOSTS.
WARNING 2019-10-16 14:31:43,633 log 228 Bad Request: /favicon.ico
WARNING 2019-10-16 14:31:43,634 basehttp 124 "GET /favicon.ico HTTP/1.1" 400 68403
INFO 2019-10-16 14:33:19,893 basehttp 124 "GET / HTTP/1.1" 200 16286
INFO 2019-10-16 14:33:19,936 basehttp 124 "GET /static/admin/css/fonts.css HTTP/1.1" 200 423
INFO 2019-10-16 14:33:20,109 basehttp 124 "GET /static/admin/fonts/Roboto-Regular-webfont.woff HTTP/1.1" 200 80304
INFO 2019-10-16 14:33:20,109 basehttp 124 "GET /static/admin/fonts/Roboto-Light-webfont.woff HTTP/1.1" 200 81348
INFO 2019-10-16 14:33:20,110 basehttp 124 "GET /static/admin/fonts/Roboto-Bold-webfont.woff HTTP/1.1" 200 82564
WARNING 2019-10-16 14:33:20,176 log 228 Not Found: /favicon.ico
WARNING 2019-10-16 14:33:20,181 basehttp 124 "GET /favicon.ico HTTP/1.1" 404 1977
ERROR 2019-10-17 09:23:17,102 exception 77 Invalid HTTP_HOST header: '127.0.0.1:8000'. You may need to add '127.0.0.1' to ALLOWED_HOSTS.
WARNING 2019-10-17 09:23:20,581 log 228 Bad Request: /image_codes/ed96d5ca-c88e-4a64-b1fb-52ccd8810f00/
WARNING 2019-10-17 09:23:20,582 basehttp 124 "GET /image_codes/ed96d5ca-c88e-4a64-b1fb-52ccd8810f00/ HTTP/1.1" 400 69620
ERROR 2019-10-17 09:23:20,832 exception 77 Invalid HTTP_HOST header: '127.0.0.1:8000'. You may need to add '127.0.0.1' to ALLOWED_HOSTS.
WARNING 2019-10-17 09:23:20,886 log 228 Bad Request: /favicon.ico
WARNING 2019-10-17 09:23:20,888 basehttp 124 "GET /favicon.ico HTTP/1.1" 400 69053
ERROR 2019-10-17 09:23:48,002 log 228 Internal Server Error: /image_codes/ed96d5ca-c88e-4a64-b1fb-52ccd8810f00/
Traceback (most recent call last):
  File "F:\python\virtual\django_meiduo\lib\site-packages\django\core\handlers\exception.py", line 34, in inner
    response = get_response(request)
  File "F:\python\virtual\django_meiduo\lib\site-packages\django\core\handlers\base.py", line 126, in _get_response
    response = self.process_exception_by_middleware(e, request)
  File "F:\python\virtual\django_meiduo\lib\site-packages\django\core\handlers\base.py", line 124, in _get_response
    response = wrapped_callback(request, *callback_args, **callback_kwargs)
  File "F:\python\virtual\django_meiduo\lib\site-packages\django\views\decorators\csrf.py", line 54, in wrapped_view
    return view_func(*args, **kwargs)
  File "F:\python\virtual\django_meiduo\lib\site-packages\django\views\generic\base.py", line 68, in view
    return self.dispatch(request, *args, **kwargs)
  File "F:\python\virtual\django_meiduo\lib\site-packages\rest_framework\views.py", line 483, in dispatch
    response = self.handle_exception(exc)
  File "F:\python\virtual\django_meiduo\lib\site-packages\rest_framework\views.py", line 443, in handle_exception
    self.raise_uncaught_exception(exc)
  File "F:\python\virtual\django_meiduo\lib\site-packages\rest_framework\views.py", line 480, in dispatch
    response = handler(request, *args, **kwargs)
  File "F:\python\workspace\meiduo_project\meiduo_mall\meiduo_mall\apps\verifications\views.py", line 25, in get
    text, image = captcha.generate_captcha()
ValueError: too many values to unpack (expected 2)
ERROR 2019-10-17 09:23:48,009 basehttp 124 "GET /image_codes/ed96d5ca-c88e-4a64-b1fb-52ccd8810f00/ HTTP/1.1" 500 94628
WARNING 2019-10-17 09:23:48,269 log 228 Not Found: /favicon.ico
WARNING 2019-10-17 09:23:48,270 basehttp 124 "GET /favicon.ico HTTP/1.1" 404 2165
ERROR 2019-10-17 09:23:50,146 log 228 Internal Server Error: /image_codes/ed96d5ca-c88e-4a64-b1fb-52ccd8810f00/
Traceback (most recent call last):
  File "F:\python\virtual\django_meiduo\lib\site-packages\django\core\handlers\exception.py", line 34, in inner
    response = get_response(request)
  File "F:\python\virtual\django_meiduo\lib\site-packages\django\core\handlers\base.py", line 126, in _get_response
    response = self.process_exception_by_middleware(e, request)
  File "F:\python\virtual\django_meiduo\lib\site-packages\django\core\handlers\base.py", line 124, in _get_response
    response = wrapped_callback(request, *callback_args, **callback_kwargs)
  File "F:\python\virtual\django_meiduo\lib\site-packages\django\views\decorators\csrf.py", line 54, in wrapped_view
    return view_func(*args, **kwargs)
  File "F:\python\virtual\django_meiduo\lib\site-packages\django\views\generic\base.py", line 68, in view
    return self.dispatch(request, *args, **kwargs)
  File "F:\python\virtual\django_meiduo\lib\site-packages\rest_framework\views.py", line 483, in dispatch
    response = self.handle_exception(exc)
  File "F:\python\virtual\django_meiduo\lib\site-packages\rest_framework\views.py", line 443, in handle_exception
    self.raise_uncaught_exception(exc)
  File "F:\python\virtual\django_meiduo\lib\site-packages\rest_framework\views.py", line 480, in dispatch
    response = handler(request, *args, **kwargs)
  File "F:\python\workspace\meiduo_project\meiduo_mall\meiduo_mall\apps\verifications\views.py", line 25, in get
    text, image = captcha.generate_captcha()
ValueError: too many values to unpack (expected 2)
ERROR 2019-10-17 09:23:50,149 basehttp 124 "GET /image_codes/ed96d5ca-c88e-4a64-b1fb-52ccd8810f00/ HTTP/1.1" 500 94628
ERROR 2019-10-17 09:27:59,697 log 228 Internal Server Error: /image_codes/ed96d5ca-c88e-4a64-b1fb-52ccd8810f00/
Traceback (most recent call last):
  File "F:\python\virtual\django_meiduo\lib\site-packages\django\core\handlers\exception.py", line 34, in inner
    response = get_response(request)
  File "F:\python\virtual\django_meiduo\lib\site-packages\django\core\handlers\base.py", line 126, in _get_response
    response = self.process_exception_by_middleware(e, request)
  File "F:\python\virtual\django_meiduo\lib\site-packages\django\core\handlers\base.py", line 124, in _get_response
    response = wrapped_callback(request, *callback_args, **callback_kwargs)
  File "F:\python\virtual\django_meiduo\lib\site-packages\django\views\decorators\csrf.py", line 54, in wrapped_view
    return view_func(*args, **kwargs)
  File "F:\python\virtual\django_meiduo\lib\site-packages\django\views\generic\base.py", line 68, in view
    return self.dispatch(request, *args, **kwargs)
  File "F:\python\virtual\django_meiduo\lib\site-packages\rest_framework\views.py", line 483, in dispatch
    response = self.handle_exception(exc)
  File "F:\python\virtual\django_meiduo\lib\site-packages\rest_framework\views.py", line 443, in handle_exception
    self.raise_uncaught_exception(exc)
  File "F:\python\virtual\django_meiduo\lib\site-packages\rest_framework\views.py", line 480, in dispatch
    response = handler(request, *args, **kwargs)
  File "F:\python\workspace\meiduo_project\meiduo_mall\meiduo_mall\apps\verifications\views.py", line 26, in get
    text, image = captcha.generate_captcha()
ValueError: too many values to unpack (expected 2)
ERROR 2019-10-17 09:27:59,702 basehttp 124 "GET /image_codes/ed96d5ca-c88e-4a64-b1fb-52ccd8810f00/ HTTP/1.1" 500 94631
INFO 2019-10-17 09:30:49,708 basehttp 124 "GET /image_codes/ed96d5ca-c88e-4a64-b1fb-52ccd8810f00/ HTTP/1.1" 200 3087
ERROR 2019-10-17 09:31:20,330 exceptions 25 [<verifications.views.ImageCodeView object at 0x000001F9E6179F28>] Error while reading from socket: (10054, '远程主机强迫关闭了一个现有的连接。', None, 10054, None)
ERROR 2019-10-17 09:31:20,472 log 228 Insufficient Storage: /image_codes/ed96d5ca-c88e-4a64-b1fb-52ccd8810f00/
ERROR 2019-10-17 09:31:20,473 basehttp 124 "GET /image_codes/ed96d5ca-c88e-4a64-b1fb-52ccd8810f00/ HTTP/1.1" 507 5404
INFO 2019-10-17 09:31:20,608 basehttp 124 "GET /static/rest_framework/css/bootstrap-tweaks.css HTTP/1.1" 200 3385
INFO 2019-10-17 09:31:20,618 basehttp 124 "GET /static/rest_framework/css/bootstrap.min.css HTTP/1.1" 200 121200
INFO 2019-10-17 09:31:20,630 basehttp 124 "GET /static/rest_framework/js/csrf.js HTTP/1.1" 200 1735
INFO 2019-10-17 09:31:20,632 basehttp 124 "GET /static/rest_framework/js/ajax-form.js HTTP/1.1" 200 3597
INFO 2019-10-17 09:31:20,637 basehttp 124 "GET /static/rest_framework/css/default.css HTTP/1.1" 200 1131
INFO 2019-10-17 09:31:20,644 basehttp 124 "GET /static/rest_framework/css/prettify.css HTTP/1.1" 200 817
INFO 2019-10-17 09:31:20,682 basehttp 124 "GET /static/rest_framework/js/default.js HTTP/1.1" 200 1262
INFO 2019-10-17 09:31:20,685 basehttp 124 "GET /static/rest_framework/js/prettify-min.js HTTP/1.1" 200 13632
INFO 2019-10-17 09:31:20,701 basehttp 124 "GET /static/rest_framework/img/grid.png HTTP/1.1" 200 1458
INFO 2019-10-17 09:31:20,727 basehttp 124 "GET /static/rest_framework/js/bootstrap.min.js HTTP/1.1" 200 37045
INFO 2019-10-17 09:31:20,728 basehttp 124 "GET /static/rest_framework/js/jquery-3.3.1.min.js HTTP/1.1" 200 86927
ERROR 2019-10-17 09:41:36,898 exception 77 Invalid HTTP_HOST header: '127.0.0.1:8000'. You may need to add '127.0.0.1' to ALLOWED_HOSTS.
WARNING 2019-10-17 09:41:37,157 log 228 Bad Request: /
WARNING 2019-10-17 09:41:37,158 basehttp 124 "GET / HTTP/1.1" 400 69082
INFO 2019-10-17 09:45:53,672 basehttp 124 "GET /image_codes/a08ff2be-756e-4fdc-8421-4a456928fdec/ HTTP/1.1" 200 3083
INFO 2019-10-17 09:46:11,992 basehttp 124 "GET /image_codes/2e4f882b-06d2-43b5-ab13-acfcdb287817/ HTTP/1.1" 200 3238
INFO 2019-10-17 09:46:13,502 basehttp 124 "GET /image_codes/25073290-4360-4ea3-ba59-74fb4e2a88b6/ HTTP/1.1" 200 3599
WARNING 2019-10-17 10:22:03,242 log 228 Not Found: /
WARNING 2019-10-17 10:22:03,243 basehttp 124 "GET / HTTP/1.1" 404 2119
WARNING 2019-10-17 10:22:03,370 log 228 Not Found: /favicon.ico
WARNING 2019-10-17 10:22:03,371 basehttp 124 "GET /favicon.ico HTTP/1.1" 404 2170
INFO 2019-10-17 10:22:08,466 basehttp 124 "OPTIONS /cart/ HTTP/1.1" 200 0
INFO 2019-10-17 10:22:17,692 basehttp 124 "GET /image_codes/2cbb534f-0b44-4ed2-a715-585effe8d12c/ HTTP/1.1" 200 3222
WARNING 2019-10-17 10:22:34,443 log 228 Not Found: /usernames/世界那么大/count/
WARNING 2019-10-17 10:22:34,505 basehttp 124 "GET /usernames/%E4%B8%96%E7%95%8C%E9%82%A3%E4%B9%88%E5%A4%A7/count/ HTTP/1.1" 404 2263
WARNING 2019-10-17 10:22:52,842 log 228 Not Found: /mobiles/18882028307/count/
WARNING 2019-10-17 10:22:52,843 basehttp 124 "GET /mobiles/18882028307/count/ HTTP/1.1" 404 2215
WARNING 2019-10-17 10:22:59,335 log 228 Not Found: /sms_codes/18882028307/
WARNING 2019-10-17 10:22:59,337 log 228 Not Found: /mobiles/18882028307/count/
WARNING 2019-10-17 10:22:59,338 basehttp 124 "GET /mobiles/18882028307/count/ HTTP/1.1" 404 2215
WARNING 2019-10-17 10:22:59,339 basehttp 124 "GET /sms_codes/18882028307/?text=mtsa&image_code_id=2cbb534f-0b44-4ed2-a715-585effe8d12c HTTP/1.1" 404 2268
ERROR 2019-10-17 10:23:37,213 exceptions 25 [<verifications.views.ImageCodeView object at 0x0000015577524B38>] Error 10061 connecting to 127.0.0.1:6379. 由于目标计算机积极拒绝，无法连接。.
ERROR 2019-10-17 10:23:37,243 log 228 Insufficient Storage: /image_codes/f63cc8e0-5d30-4755-aca8-8b0998a2adce/
ERROR 2019-10-17 10:23:37,244 basehttp 124 "GET /image_codes/f63cc8e0-5d30-4755-aca8-8b0998a2adce/ HTTP/1.1" 507 35
ERROR 2019-10-17 10:23:37,276 basehttp 124 "GET /image_codes/f63cc8e0-5d30-4755-aca8-8b0998a2adce/ HTTP/1.1" 500 59
ERROR 2019-10-17 10:23:38,324 exceptions 25 [<verifications.views.ImageCodeView object at 0x0000015577563BA8>] Error 10061 connecting to 127.0.0.1:6379. 由于目标计算机积极拒绝，无法连接。.
ERROR 2019-10-17 10:23:38,325 log 228 Insufficient Storage: /image_codes/93d81dc4-e6bc-4b72-a5ef-ca07f371083b/
ERROR 2019-10-17 10:23:38,327 basehttp 124 "GET /image_codes/93d81dc4-e6bc-4b72-a5ef-ca07f371083b/ HTTP/1.1" 507 35
ERROR 2019-10-17 10:23:45,788 exceptions 25 [<verifications.views.ImageCodeView object at 0x000001557756BDD8>] Error 10061 connecting to 127.0.0.1:6379. 由于目标计算机积极拒绝，无法连接。.
ERROR 2019-10-17 10:23:45,789 log 228 Insufficient Storage: /image_codes/7a644f97-4e95-41e7-afba-eab50f060b1a/
ERROR 2019-10-17 10:23:45,790 basehttp 124 "GET /image_codes/7a644f97-4e95-41e7-afba-eab50f060b1a/ HTTP/1.1" 507 35
INFO 2019-10-17 10:23:59,355 basehttp 124 "GET /image_codes/6fdf8b8d-6218-462b-86b3-63bf91065b54/ HTTP/1.1" 200 3032
INFO 2019-10-17 10:24:27,733 basehttp 124 "GET /image_codes/eb6bf888-d4dc-4562-a2b5-2a0b95244281/ HTTP/1.1" 200 3110
WARNING 2019-10-17 10:24:48,605 log 228 Not Found: /mobiles/18882028307/count/
WARNING 2019-10-17 10:24:48,606 basehttp 124 "GET /mobiles/18882028307/count/ HTTP/1.1" 404 2215
ERROR 2019-10-17 11:54:44,162 exceptions 25 [<verifications.views.ImageCodeView object at 0x00000219B86D9470>] Error 10061 connecting to 127.0.0.1:6379. 由于目标计算机积极拒绝，无法连接。.
ERROR 2019-10-17 11:54:44,177 log 228 Insufficient Storage: /image_codes/d450166f-6824-4e8c-92ba-ccc032263036/
ERROR 2019-10-17 11:54:44,178 basehttp 124 "GET /image_codes/d450166f-6824-4e8c-92ba-ccc032263036/ HTTP/1.1" 507 35
INFO 2019-10-17 11:55:04,758 basehttp 124 "GET /image_codes/a4dd7232-eb96-4e7b-927c-993002fcd206/ HTTP/1.1" 200 3204
WARNING 2019-10-17 11:55:13,387 log 228 Not Found: /mobiles/18882028307/count/
WARNING 2019-10-17 11:55:13,388 basehttp 124 "GET /mobiles/18882028307/count/ HTTP/1.1" 404 2215
WARNING 2019-10-17 11:55:21,436 log 228 Not Found: /mobiles/18882028307/count/
WARNING 2019-10-17 11:55:21,439 log 228 Not Found: /sms_codes/18882028307/
WARNING 2019-10-17 11:55:21,440 basehttp 124 "GET /mobiles/18882028307/count/ HTTP/1.1" 404 2215
WARNING 2019-10-17 11:55:21,440 basehttp 124 "GET /sms_codes/18882028307/?text=88ds&image_code_id=a4dd7232-eb96-4e7b-927c-993002fcd206 HTTP/1.1" 404 2268
INFO 2019-10-17 14:10:30,311 basehttp 124 "GET /image_codes/2cae6d10-eb59-4baa-8bcf-9c6deb727548/ HTTP/1.1" 200 3108
WARNING 2019-10-17 14:10:35,254 log 228 Not Found: /usernames/世界那么大/count/
WARNING 2019-10-17 14:10:35,263 basehttp 124 "GET /usernames/%E4%B8%96%E7%95%8C%E9%82%A3%E4%B9%88%E5%A4%A7/count/ HTTP/1.1" 404 2263
WARNING 2019-10-17 14:10:47,545 log 228 Not Found: /mobiles/18882028307/count/
WARNING 2019-10-17 14:10:47,546 basehttp 124 "GET /mobiles/18882028307/count/ HTTP/1.1" 404 2215
WARNING 2019-10-17 14:10:52,648 log 228 Not Found: /mobiles/18882028307/count/
WARNING 2019-10-17 14:10:52,652 log 228 Not Found: /sms_codes/18882028307/
WARNING 2019-10-17 14:10:52,653 basehttp 124 "GET /mobiles/18882028307/count/ HTTP/1.1" 404 2215
WARNING 2019-10-17 14:10:52,654 basehttp 124 "GET /sms_codes/18882028307/?text=epcq&image_code_id=2cae6d10-eb59-4baa-8bcf-9c6deb727548 HTTP/1.1" 404 2268
INFO 2019-10-17 14:11:48,960 basehttp 124 "GET /image_codes/c8566a4e-91a4-46f1-bf4f-91317a1fa3ee/ HTTP/1.1" 200 3243
INFO 2019-10-17 14:17:06,111 basehttp 124 "GET /image_codes/ab80f95e-05a4-4d84-87e1-384ca0fa905d/ HTTP/1.1" 200 3023
INFO 2019-10-17 14:31:22,345 basehttp 124 "GET /image_codes/735c697c-bdb8-4c68-8623-b1ea3bd51bf6/ HTTP/1.1" 200 3310
WARNING 2019-10-17 14:31:29,765 log 228 Not Found: /usernames/唐红军asd/count/
WARNING 2019-10-17 14:31:29,766 basehttp 124 "GET /usernames/%E5%94%90%E7%BA%A2%E5%86%9Basd/count/ HTTP/1.1" 404 2420
WARNING 2019-10-17 14:31:53,790 log 228 Not Found: /mobiles/18882028307/count/
WARNING 2019-10-17 14:31:53,791 basehttp 124 "GET /mobiles/18882028307/count/ HTTP/1.1" 404 2393
WARNING 2019-10-17 14:32:28,448 log 228 Not Found: /mobiles/18882028307/count/
WARNING 2019-10-17 14:32:28,448 basehttp 124 "GET /mobiles/18882028307/count/ HTTP/1.1" 404 2393
INFO 2019-10-17 14:32:29,244 basehttp 124 "GET /sms_codes/18882028307/?text=6fyw&image_code_id=735c697c-bdb8-4c68-8623-b1ea3bd51bf6 HTTP/1.1" 200 16
INFO 2019-10-17 14:47:00,707 basehttp 124 "GET /image_codes/85bef05b-15b3-4f7c-9082-7fc07dbf2be0/ HTTP/1.1" 200 2721
WARNING 2019-10-17 14:47:05,776 log 228 Not Found: /usernames/唐红军aaa/count/
WARNING 2019-10-17 14:47:05,777 basehttp 124 "GET /usernames/%E5%94%90%E7%BA%A2%E5%86%9Baaa/count/ HTTP/1.1" 404 2527
INFO 2019-10-17 14:47:48,724 basehttp 124 "GET /image_codes/9b7a9b9f-9b7e-4f58-b3fa-a1b2107e17f0/ HTTP/1.1" 200 3258
WARNING 2019-10-17 14:47:51,012 log 228 Not Found: /usernames/唐红军sss/count/
WARNING 2019-10-17 14:47:51,013 basehttp 124 "GET /usernames/%E5%94%90%E7%BA%A2%E5%86%9Bsss/count/ HTTP/1.1" 404 2526
INFO 2019-10-17 14:49:12,959 basehttp 124 "GET /image_codes/ff8eda62-582e-4b51-b0e7-0507a6e6d97e/ HTTP/1.1" 200 3077
INFO 2019-10-17 14:49:15,974 basehttp 124 "GET /usernames/%E5%94%90%E7%BA%A2%E5%86%9Baaaa/count/ HTTP/1.1" 200 38
INFO 2019-10-17 14:50:18,907 basehttp 124 "GET /mobiles/18882028307/count/ HTTP/1.1" 200 34
INFO 2019-10-17 14:50:22,323 basehttp 124 "GET /mobiles/18882028307/count/ HTTP/1.1" 200 34
INFO 2019-10-17 14:50:33,849 basehttp 124 "GET /mobiles/18882028307/count/ HTTP/1.1" 200 34
INFO 2019-10-17 14:50:34,048 basehttp 124 "GET /sms_codes/18882028307/?text=vyep&image_code_id=ff8eda62-582e-4b51-b0e7-0507a6e6d97e HTTP/1.1" 200 16
INFO 2019-10-17 14:51:17,230 basehttp 124 "OPTIONS /users/ HTTP/1.1" 200 0
INFO 2019-10-17 14:51:17,241 basehttp 124 "GET /mobiles/18882028307/count/ HTTP/1.1" 200 34
INFO 2019-10-17 14:51:17,246 basehttp 124 "GET /usernames/%E5%94%90%E7%BA%A2%E5%86%9Baaaa/count/ HTTP/1.1" 200 38
INFO 2019-10-17 14:54:58,750 basehttp 124 "GET /image_codes/c6044823-f472-4236-bdad-f01c668f570f/ HTTP/1.1" 200 3021
INFO 2019-10-17 14:55:12,070 basehttp 124 "GET /mobiles/18882028307/count/ HTTP/1.1" 200 34
INFO 2019-10-17 14:55:13,373 basehttp 124 "GET /mobiles/18882028307/count/ HTTP/1.1" 200 34
INFO 2019-10-17 14:55:13,496 basehttp 124 "GET /mobiles/18882028307/count/ HTTP/1.1" 200 34
INFO 2019-10-17 14:55:13,689 basehttp 124 "GET /sms_codes/18882028307/?text=vqtk&image_code_id=c6044823-f472-4236-bdad-f01c668f570f HTTP/1.1" 200 16
INFO 2019-10-17 14:58:29,951 basehttp 124 "GET /image_codes/d223e758-fac7-4ef4-aeba-d23e38ca79be/ HTTP/1.1" 200 3280
INFO 2019-10-17 14:58:31,042 basehttp 124 "GET /image_codes/ab041fe8-6651-4ec8-8088-c1122531293f/ HTTP/1.1" 200 2923
INFO 2019-10-17 14:58:51,816 basehttp 124 "GET /image_codes/56ba3209-7f8d-45c1-96ba-1d1d723770ee/ HTTP/1.1" 200 3072
INFO 2019-10-17 14:59:09,652 basehttp 124 "GET /mobiles/18882028307/count/ HTTP/1.1" 200 34
INFO 2019-10-17 14:59:09,734 basehttp 124 "GET /sms_codes/18882028307/?text=zyyg&image_code_id=56ba3209-7f8d-45c1-96ba-1d1d723770ee HTTP/1.1" 200 16
INFO 2019-10-17 14:59:09,740 basehttp 124 "GET /mobiles/18882028307/count/ HTTP/1.1" 200 34
INFO 2019-10-17 14:59:50,227 basehttp 124 "GET /image_codes/7132fdb6-6aa3-4788-9651-533951c51e57/ HTTP/1.1" 200 3131
INFO 2019-10-17 14:59:51,443 basehttp 124 "GET /image_codes/b569cded-2fdd-43fd-bf7c-a151e18200b2/ HTTP/1.1" 200 3177
INFO 2019-10-17 15:00:09,094 basehttp 124 "GET /image_codes/d076a7a8-3f3e-4743-874a-a40ede1aa91f/ HTTP/1.1" 200 3137
INFO 2019-10-17 15:00:11,576 basehttp 124 "GET /mobiles/18882028307/count/ HTTP/1.1" 200 34
INFO 2019-10-17 15:00:15,530 basehttp 124 "GET /sms_codes/18882028307/?text=zykm&image_code_id=d076a7a8-3f3e-4743-874a-a40ede1aa91f HTTP/1.1" 200 16
INFO 2019-10-17 15:00:15,531 basehttp 124 "GET /mobiles/18882028307/count/ HTTP/1.1" 200 34
INFO 2019-10-17 15:01:16,334 basehttp 124 "GET /image_codes/a2bd4518-cb2c-4ba9-a5ab-dd029136dbfc/ HTTP/1.1" 200 3031
INFO 2019-10-17 15:01:16,809 basehttp 124 "GET /image_codes/2a38fe16-f1a1-4985-9877-ba59b562f3a2/ HTTP/1.1" 200 3152
INFO 2019-10-17 15:11:38,865 basehttp 124 "GET /image_codes/c917ffee-70f7-4c70-b1db-bfcf7d23470b/ HTTP/1.1" 200 3160
INFO 2019-10-17 15:11:40,531 basehttp 124 "GET /mobiles/18882028307/count/ HTTP/1.1" 200 34
INFO 2019-10-17 15:11:53,160 basehttp 124 "GET /mobiles/18882028307/count/ HTTP/1.1" 200 34
INFO 2019-10-17 15:11:53,353 basehttp 124 "GET /sms_codes/18882028307/?text=xeyr&image_code_id=c917ffee-70f7-4c70-b1db-bfcf7d23470b HTTP/1.1" 200 16
INFO 2019-10-17 15:19:10,693 basehttp 124 "GET /image_codes/7c914ce1-4fac-4925-9dc1-a45c86a46ccf/ HTTP/1.1" 200 3430
INFO 2019-10-17 15:19:28,523 basehttp 124 "GET /mobiles/18882028307/count/ HTTP/1.1" 200 34
INFO 2019-10-17 15:23:33,663 basehttp 124 "GET /image_codes/f90f2802-5007-4787-a5c0-5f5637f81557/ HTTP/1.1" 200 2938
INFO 2019-10-17 15:23:35,409 basehttp 124 "GET /mobiles/18882028307/count/ HTTP/1.1" 200 34
INFO 2019-10-17 15:23:50,916 basehttp 124 "GET /mobiles/18882028307/count/ HTTP/1.1" 200 34
INFO 2019-10-17 15:23:51,145 basehttp 124 "GET /sms_codes/18882028307/?text=v8lg&image_code_id=f90f2802-5007-4787-a5c0-5f5637f81557 HTTP/1.1" 200 16
INFO 2019-10-17 15:24:25,015 basehttp 124 "GET /mobiles/18882028307/count/ HTTP/1.1" 200 34
INFO 2019-10-17 15:24:26,801 basehttp 124 "GET /mobiles/18882028307/count/ HTTP/1.1" 200 34
INFO 2019-10-17 15:24:30,971 basehttp 124 "GET /mobiles/18882028307/count/ HTTP/1.1" 200 34
INFO 2019-10-17 15:56:42,509 basehttp 124 "GET /image_codes/910a942d-1854-45c8-ac45-6d9c463fac40/ HTTP/1.1" 200 2882
INFO 2019-10-17 15:56:44,656 basehttp 124 "GET /mobiles/18882028307/count/ HTTP/1.1" 200 34
INFO 2019-10-17 15:56:51,595 basehttp 124 "GET /mobiles/18882028307/count/ HTTP/1.1" 200 34
INFO 2019-10-17 15:56:51,784 basehttp 124 "GET /sms_codes/18882028307/?text=bhin&image_code_id=910a942d-1854-45c8-ac45-6d9c463fac40 HTTP/1.1" 200 16
INFO 2019-10-17 15:58:08,499 basehttp 124 "GET /image_codes/b46ac01e-4a38-45da-8447-c0e104f39f8d/ HTTP/1.1" 200 3566
INFO 2019-10-17 15:58:09,873 basehttp 124 "GET /mobiles/18882028307/count/ HTTP/1.1" 200 34
INFO 2019-10-17 15:58:22,515 basehttp 124 "GET /mobiles/18882028307/count/ HTTP/1.1" 200 34
INFO 2019-10-17 15:58:22,693 basehttp 124 "GET /sms_codes/18882028307/?text=mpmp&image_code_id=b46ac01e-4a38-45da-8447-c0e104f39f8d HTTP/1.1" 200 16
INFO 2019-10-17 16:00:11,815 basehttp 124 "GET /image_codes/8173a225-cd8e-4db9-9a57-665ff8d9452b/ HTTP/1.1" 200 3061
INFO 2019-10-17 16:00:13,487 basehttp 124 "GET /mobiles/18882028307/count/ HTTP/1.1" 200 34
INFO 2019-10-17 16:00:21,369 basehttp 124 "GET /mobiles/18882028307/count/ HTTP/1.1" 200 34
INFO 2019-10-17 16:00:21,559 basehttp 124 "GET /sms_codes/18882028307/?text=vpif&image_code_id=8173a225-cd8e-4db9-9a57-665ff8d9452b HTTP/1.1" 200 16
INFO 2019-10-17 16:05:04,130 basehttp 124 "GET /image_codes/7eaf8840-6ba0-4a23-bfda-1c3f1f2d9168/ HTTP/1.1" 200 3174
INFO 2019-10-17 16:05:05,839 basehttp 124 "GET /mobiles/18882028307/count/ HTTP/1.1" 200 34
INFO 2019-10-17 16:05:19,683 basehttp 124 "GET /mobiles/18882028307/count/ HTTP/1.1" 200 34
WARNING 2019-10-17 16:05:19,720 log 228 Bad Request: /sms_codes/18882028307/
WARNING 2019-10-17 16:05:19,721 basehttp 124 "GET /sms_codes/18882028307/?text=b09x&image_code_id=7eaf8840-6ba0-4a23-bfda-1c3f1f2d9168 HTTP/1.1" 400 46
WARNING 2019-10-17 16:05:33,991 log 228 Bad Request: /sms_codes/18882028307/
WARNING 2019-10-17 16:05:33,993 basehttp 124 "GET /sms_codes/18882028307/?text=b09x&image_code_id=7eaf8840-6ba0-4a23-bfda-1c3f1f2d9168 HTTP/1.1" 400 46
INFO 2019-10-17 16:05:33,997 basehttp 124 "GET /mobiles/18882028307/count/ HTTP/1.1" 200 34
INFO 2019-10-17 16:05:45,778 basehttp 124 "GET /mobiles/18882028307/count/ HTTP/1.1" 200 34
INFO 2019-10-17 16:05:45,984 basehttp 124 "GET /sms_codes/18882028307/?text=BO9X&image_code_id=7eaf8840-6ba0-4a23-bfda-1c3f1f2d9168 HTTP/1.1" 200 16
INFO 2019-10-17 16:52:59,471 basehttp 124 "GET /image_codes/5953256a-c8e3-4797-b28e-a01a95c11201/ HTTP/1.1" 200 3390
INFO 2019-10-17 16:53:06,624 basehttp 124 "GET /usernames/%E4%B8%96%E7%95%8C%E9%82%A3%E4%B9%88%E5%A4%A7/count/ HTTP/1.1" 200 40
INFO 2019-10-17 16:53:16,731 basehttp 124 "GET /mobiles/18882028307/count/ HTTP/1.1" 200 34
INFO 2019-10-17 16:53:26,463 basehttp 124 "GET /mobiles/18882028307/count/ HTTP/1.1" 200 34
INFO 2019-10-17 16:53:26,673 basehttp 124 "GET /sms_codes/18882028307/?text=syrq&image_code_id=5953256a-c8e3-4797-b28e-a01a95c11201 HTTP/1.1" 200 16
INFO 2019-10-17 16:54:04,698 basehttp 124 "OPTIONS /users/ HTTP/1.1" 200 0
INFO 2019-10-17 16:54:04,712 basehttp 124 "GET /usernames/%E4%B8%96%E7%95%8C%E9%82%A3%E4%B9%88%E5%A4%A7/count/ HTTP/1.1" 200 40
INFO 2019-10-17 16:54:04,717 basehttp 124 "GET /mobiles/18882028307/count/ HTTP/1.1" 200 34
WARNING 2019-10-17 16:54:04,773 log 228 Not Found: /users/
WARNING 2019-10-17 16:54:04,773 basehttp 124 "POST /users/ HTTP/1.1" 404 2720
INFO 2019-10-17 16:55:48,124 basehttp 124 "OPTIONS /users/ HTTP/1.1" 200 0
INFO 2019-10-17 16:55:48,164 basehttp 124 "GET /mobiles/18882028307/count/ HTTP/1.1" 200 34
INFO 2019-10-17 16:55:48,164 basehttp 124 "GET /usernames/%E4%B8%96%E7%95%8C%E9%82%A3%E4%B9%88%E5%A4%A7/count/ HTTP/1.1" 200 40
INFO 2019-10-17 16:55:48,839 basehttp 124 "POST /users/ HTTP/1.1" 201 266
INFO 2019-10-17 17:55:24,322 basehttp 124 "OPTIONS /authorizations/ HTTP/1.1" 200 0
INFO 2019-10-17 17:55:24,493 basehttp 124 "POST /authorizations/ HTTP/1.1" 200 248
INFO 2019-10-17 17:55:25,234 basehttp 124 "OPTIONS /cart/ HTTP/1.1" 200 0
WARNING 2019-10-17 17:55:25,304 log 228 Not Found: /cart/
WARNING 2019-10-17 17:55:25,306 basehttp 124 "GET /cart/ HTTP/1.1" 404 3032
INFO 2019-10-17 17:55:51,699 basehttp 124 "OPTIONS /authorizations/ HTTP/1.1" 200 0
INFO 2019-10-17 17:55:51,809 basehttp 124 "POST /authorizations/ HTTP/1.1" 200 248
INFO 2019-10-17 17:55:52,441 basehttp 124 "OPTIONS /cart/ HTTP/1.1" 200 0
WARNING 2019-10-17 17:55:52,537 log 228 Not Found: /cart/
WARNING 2019-10-17 17:55:52,539 basehttp 124 "GET /cart/ HTTP/1.1" 404 3032
INFO 2019-10-18 10:53:32,102 basehttp 124 "OPTIONS /authorizations/ HTTP/1.1" 200 0
INFO 2019-10-18 10:53:32,437 basehttp 124 "POST /authorizations/ HTTP/1.1" 200 248
INFO 2019-10-18 10:53:32,820 basehttp 124 "OPTIONS /cart/ HTTP/1.1" 200 0
WARNING 2019-10-18 10:53:32,961 log 228 Not Found: /cart/
WARNING 2019-10-18 10:53:32,962 basehttp 124 "GET /cart/ HTTP/1.1" 404 3032
INFO 2019-10-18 10:53:52,452 basehttp 124 "OPTIONS /user/ HTTP/1.1" 200 0
WARNING 2019-10-18 10:53:52,509 log 228 Not Found: /user/
WARNING 2019-10-18 10:53:52,518 basehttp 124 "GET /user/ HTTP/1.1" 404 3032
WARNING 2019-10-18 10:54:04,661 log 228 Not Found: /cart/
WARNING 2019-10-18 10:54:04,663 basehttp 124 "GET /cart/ HTTP/1.1" 404 3032
WARNING 2019-10-18 10:54:09,886 log 228 Not Found: /cart/
WARNING 2019-10-18 10:54:09,888 basehttp 124 "GET /cart/ HTTP/1.1" 404 3032
WARNING 2019-10-18 10:54:17,492 log 228 Not Found: /categories/232/skus/
WARNING 2019-10-18 10:54:17,500 log 228 Not Found: /categories/232/hotskus/
WARNING 2019-10-18 10:54:17,501 basehttp 124 "GET /categories/232/skus/?page=1&page_size=5&ordering=-create_time HTTP/1.1" 404 3126
WARNING 2019-10-18 10:54:17,504 basehttp 124 "GET /categories/232/hotskus/ HTTP/1.1" 404 3086
WARNING 2019-10-18 10:54:23,027 log 228 Not Found: /cart/
WARNING 2019-10-18 10:54:23,028 basehttp 124 "GET /cart/ HTTP/1.1" 404 3032
WARNING 2019-10-18 10:54:25,914 log 228 Not Found: /user/
WARNING 2019-10-18 10:54:25,916 basehttp 124 "GET /user/ HTTP/1.1" 404 3032
WARNING 2019-10-18 10:54:27,466 log 228 Not Found: /cart/
WARNING 2019-10-18 10:54:27,467 basehttp 124 "GET /cart/ HTTP/1.1" 404 3032
INFO 2019-10-18 16:16:41,720 basehttp 124 "OPTIONS /cart/ HTTP/1.1" 200 0
WARNING 2019-10-18 16:16:41,987 log 228 Not Found: /cart/
WARNING 2019-10-18 16:16:41,988 basehttp 124 "GET /cart/ HTTP/1.1" 404 3032
INFO 2019-10-18 16:16:49,884 basehttp 124 "GET /image_codes/1a231370-7f3c-4077-888c-ad5ae7aff752/ HTTP/1.1" 200 3033
INFO 2019-10-18 16:16:56,500 basehttp 124 "GET /image_codes/60da3b67-0f41-4cfd-a05d-264e9bc3bde9/ HTTP/1.1" 200 3005
WARNING 2019-10-18 16:17:06,473 log 228 Not Found: /accounts/18882028307/sms/token/
WARNING 2019-10-18 16:17:06,474 basehttp 124 "GET /accounts/18882028307/sms/token/?text=qzbk&image_code_id=60da3b67-0f41-4cfd-a05d-264e9bc3bde9 HTTP/1.1" 404 3175
WARNING 2019-10-18 16:17:20,642 log 228 Not Found: /accounts/18882028307/sms/token/
WARNING 2019-10-18 16:17:20,642 basehttp 124 "GET /accounts/18882028307/sms/token/?text=qzbk&image_code_id=60da3b67-0f41-4cfd-a05d-264e9bc3bde9 HTTP/1.1" 404 3175
WARNING 2019-10-18 16:18:22,042 log 228 Not Found: /accounts/18882028307/sms/token/
WARNING 2019-10-18 16:18:22,043 basehttp 124 "GET /accounts/18882028307/sms/token/?text=qzbk&image_code_id=60da3b67-0f41-4cfd-a05d-264e9bc3bde9 HTTP/1.1" 404 3175
WARNING 2019-10-18 16:18:39,202 log 228 Not Found: /accounts/世界那么大/sms/token/
WARNING 2019-10-18 16:18:39,244 basehttp 124 "GET /accounts/%E4%B8%96%E7%95%8C%E9%82%A3%E4%B9%88%E5%A4%A7/sms/token/?text=qzbk&image_code_id=60da3b67-0f41-4cfd-a05d-264e9bc3bde9 HTTP/1.1" 404 3217
INFO 2019-10-18 17:36:44,468 basehttp 124 "GET /image_codes/c17e3fd8-f073-4709-ac49-f58b96fe1d9c/ HTTP/1.1" 200 3279
WARNING 2019-10-18 17:36:51,416 log 228 Not Found: /accounts/18882028307/sms/token/
WARNING 2019-10-18 17:36:51,417 basehttp 124 "GET /accounts/18882028307/sms/token/?text=vkwy&image_code_id=c17e3fd8-f073-4709-ac49-f58b96fe1d9c HTTP/1.1" 404 3368
ERROR 2019-10-18 17:37:35,052 log 228 Internal Server Error: /accounts/18882028307/sms/token/
Traceback (most recent call last):
  File "F:\python\virtual\django_meiduo\lib\site-packages\django\core\handlers\exception.py", line 34, in inner
    response = get_response(request)
  File "F:\python\virtual\django_meiduo\lib\site-packages\django\core\handlers\base.py", line 126, in _get_response
    response = self.process_exception_by_middleware(e, request)
  File "F:\python\virtual\django_meiduo\lib\site-packages\django\core\handlers\base.py", line 124, in _get_response
    response = wrapped_callback(request, *callback_args, **callback_kwargs)
TypeError: __init__() takes 1 positional argument but 2 were given
ERROR 2019-10-18 17:37:35,055 basehttp 124 "GET /accounts/18882028307/sms/token/?text=vkwy&image_code_id=c17e3fd8-f073-4709-ac49-f58b96fe1d9c HTTP/1.1" 500 68889
ERROR 2019-10-18 17:37:49,475 exceptions 25 [<verifications.views.ImageCodeView object at 0x0000014DF0E1D7F0>] Error 10061 connecting to 127.0.0.1:6379. 由于目标计算机积极拒绝，无法连接。.
ERROR 2019-10-18 17:37:49,485 log 228 Insufficient Storage: /image_codes/c23075a6-6ec8-42d2-8167-7766e787498d/
ERROR 2019-10-18 17:37:49,486 basehttp 124 "GET /image_codes/c23075a6-6ec8-42d2-8167-7766e787498d/ HTTP/1.1" 507 35
ERROR 2019-10-18 17:37:55,208 exceptions 25 [<verifications.views.ImageCodeView object at 0x0000014DF0EFE2B0>] Error 10061 connecting to 127.0.0.1:6379. 由于目标计算机积极拒绝，无法连接。.
ERROR 2019-10-18 17:37:55,209 log 228 Insufficient Storage: /image_codes/ee4afde7-9e16-4ef5-b0e9-a4da79e52913/
ERROR 2019-10-18 17:37:55,211 basehttp 124 "GET /image_codes/ee4afde7-9e16-4ef5-b0e9-a4da79e52913/ HTTP/1.1" 507 35
INFO 2019-10-18 17:38:11,931 basehttp 124 "GET /image_codes/1c7f040c-05aa-48f6-9099-7863f6006f62/ HTTP/1.1" 200 3335
ERROR 2019-10-18 17:38:20,415 log 228 Internal Server Error: /accounts/18882028307/sms/token/
Traceback (most recent call last):
  File "F:\python\virtual\django_meiduo\lib\site-packages\django\core\handlers\exception.py", line 34, in inner
    response = get_response(request)
  File "F:\python\virtual\django_meiduo\lib\site-packages\django\core\handlers\base.py", line 126, in _get_response
    response = self.process_exception_by_middleware(e, request)
  File "F:\python\virtual\django_meiduo\lib\site-packages\django\core\handlers\base.py", line 124, in _get_response
    response = wrapped_callback(request, *callback_args, **callback_kwargs)
TypeError: __init__() takes 1 positional argument but 2 were given
ERROR 2019-10-18 17:38:20,418 basehttp 124 "GET /accounts/18882028307/sms/token/?text=kyv7&image_code_id=1c7f040c-05aa-48f6-9099-7863f6006f62 HTTP/1.1" 500 68889
INFO 2019-10-18 17:42:54,439 basehttp 124 "GET /image_codes/3cdeae51-f771-47a8-9af2-7f9e2372956e/ HTTP/1.1" 200 3348
ERROR 2019-10-18 17:43:05,451 log 228 Internal Server Error: /accounts/18882028307/sms/token/
Traceback (most recent call last):
  File "F:\python\virtual\django_meiduo\lib\site-packages\django\core\handlers\exception.py", line 34, in inner
    response = get_response(request)
  File "F:\python\virtual\django_meiduo\lib\site-packages\django\core\handlers\base.py", line 126, in _get_response
    response = self.process_exception_by_middleware(e, request)
  File "F:\python\virtual\django_meiduo\lib\site-packages\django\core\handlers\base.py", line 124, in _get_response
    response = wrapped_callback(request, *callback_args, **callback_kwargs)
TypeError: __init__() takes 1 positional argument but 2 were given
ERROR 2019-10-18 17:43:05,454 basehttp 124 "GET /accounts/18882028307/sms/token/?text=5yjn&image_code_id=3cdeae51-f771-47a8-9af2-7f9e2372956e HTTP/1.1" 500 68889
INFO 2019-10-18 17:43:31,620 basehttp 124 "GET /image_codes/a2641817-a204-4cc8-98af-8a0c286a914c/ HTTP/1.1" 200 3337
ERROR 2019-10-18 17:43:39,109 log 228 Internal Server Error: /accounts/18882028307/sms/token/
Traceback (most recent call last):
  File "F:\python\virtual\django_meiduo\lib\site-packages\django\core\handlers\exception.py", line 34, in inner
    response = get_response(request)
  File "F:\python\virtual\django_meiduo\lib\site-packages\django\core\handlers\base.py", line 126, in _get_response
    response = self.process_exception_by_middleware(e, request)
  File "F:\python\virtual\django_meiduo\lib\site-packages\django\core\handlers\base.py", line 124, in _get_response
    response = wrapped_callback(request, *callback_args, **callback_kwargs)
  File "F:\python\virtual\django_meiduo\lib\site-packages\django\views\decorators\csrf.py", line 54, in wrapped_view
    return view_func(*args, **kwargs)
  File "F:\python\virtual\django_meiduo\lib\site-packages\django\views\generic\base.py", line 68, in view
    return self.dispatch(request, *args, **kwargs)
  File "F:\python\virtual\django_meiduo\lib\site-packages\rest_framework\views.py", line 483, in dispatch
    response = self.handle_exception(exc)
  File "F:\python\virtual\django_meiduo\lib\site-packages\rest_framework\views.py", line 443, in handle_exception
    self.raise_uncaught_exception(exc)
  File "F:\python\virtual\django_meiduo\lib\site-packages\rest_framework\views.py", line 480, in dispatch
    response = handler(request, *args, **kwargs)
  File "F:\python\workspace\meiduo_project\meiduo_mall\meiduo_mall\apps\users\views.py", line 80, in get
    access_token = user.generate_send_sms_token()
  File "F:\python\workspace\meiduo_project\meiduo_mall\meiduo_mall\apps\users\models.py", line 24, in generate_send_sms_token
    serializer = TJWSSerializer(settings.SECRET_KEY, expires_in=constants.SEND_SMS_TOKEN_EXPIRES)
NameError: name 'constants' is not defined
ERROR 2019-10-18 17:43:39,115 basehttp 124 "GET /accounts/18882028307/sms/token/?text=lxae&image_code_id=a2641817-a204-4cc8-98af-8a0c286a914c HTTP/1.1" 500 19395
INFO 2019-10-18 17:56:19,337 basehttp 124 "GET /image_codes/81e4dab5-c78d-41f8-aa1c-eda261662b32/ HTTP/1.1" 200 2978
INFO 2019-10-18 17:56:27,160 basehttp 124 "GET /accounts/18882028307/sms/token/?text=frmr&image_code_id=81e4dab5-c78d-41f8-aa1c-eda261662b32 HTTP/1.1" 200 185
WARNING 2019-10-18 17:56:31,222 log 228 Not Found: /sms_codes/
WARNING 2019-10-18 17:56:31,223 basehttp 124 "GET /sms_codes/?access_token=eyJhbGciOiJIUzI1NiIsImlhdCI6MTU3MTM5MjU4NywiZXhwIjoxNTcxMzkyODg3fQ.eyJtb2JpbGUiOiIxODg4MjAyODMwNyJ9.radOIecJJofhzYkPaUTsMyHyis6MIPXVQ61Cl2SFj9I HTTP/1.1" 404 3398
INFO 2019-10-18 18:07:22,840 basehttp 124 "GET /image_codes/61abf1a8-301c-4785-b335-d596f83196e8/ HTTP/1.1" 200 3044
WARNING 2019-10-18 18:07:31,516 log 228 Bad Request: /accounts/18882028307/sms/token/
WARNING 2019-10-18 18:07:31,517 basehttp 124 "GET /accounts/18882028307/sms/token/?text=sra3&image_code_id=61abf1a8-301c-4785-b335-d596f83196e8 HTTP/1.1" 400 46
INFO 2019-10-18 18:07:46,453 basehttp 124 "GET /accounts/18882028307/sms/token/?text=8RA3&image_code_id=61abf1a8-301c-4785-b335-d596f83196e8 HTTP/1.1" 200 185
INFO 2019-10-18 18:07:50,717 basehttp 124 "GET /sms_codes/?access_token=eyJhbGciOiJIUzI1NiIsImlhdCI6MTU3MTM5MzI2NiwiZXhwIjoxNTcxMzkzNTY2fQ.eyJtb2JpbGUiOiIxODg4MjAyODMwNyJ9.MsnbziNN0LVd5rHvkIfwITcKKhrdlr3RjCP4uhxLOBY HTTP/1.1" 200 16
INFO 2019-10-18 18:08:16,094 basehttp 124 "GET /accounts/18882028307/password/token/?sms_code=868155 HTTP/1.1" 200 160
INFO 2019-10-18 18:09:26,782 basehttp 124 "OPTIONS /users/1/password/ HTTP/1.1" 200 0
INFO 2019-10-18 18:09:27,245 basehttp 124 "POST /users/1/password/ HTTP/1.1" 200 8
INFO 2019-10-18 18:11:43,461 basehttp 124 "OPTIONS /authorizations/ HTTP/1.1" 200 0
INFO 2019-10-18 18:11:43,572 basehttp 124 "POST /authorizations/ HTTP/1.1" 200 248
WARNING 2019-10-18 18:11:43,996 log 228 Not Found: /cart/
WARNING 2019-10-18 18:11:43,997 basehttp 124 "GET /cart/ HTTP/1.1" 404 3766
WARNING 2019-10-18 18:13:42,087 log 228 Not Found: /cart/
WARNING 2019-10-18 18:13:42,089 basehttp 124 "GET /cart/ HTTP/1.1" 404 3766
INFO 2019-10-21 11:23:49,116 basehttp 124 "OPTIONS /authorizations/ HTTP/1.1" 200 0
INFO 2019-10-21 11:23:49,367 basehttp 124 "POST /authorizations/ HTTP/1.1" 200 248
INFO 2019-10-21 11:23:49,708 basehttp 124 "OPTIONS /cart/ HTTP/1.1" 200 0
WARNING 2019-10-21 11:23:49,814 log 228 Not Found: /cart/
WARNING 2019-10-21 11:23:49,814 basehttp 124 "GET /cart/ HTTP/1.1" 404 4241
WARNING 2019-10-21 11:23:50,837 log 228 Not Found: /cart/
WARNING 2019-10-21 11:23:50,840 basehttp 124 "GET /cart/ HTTP/1.1" 404 4241
INFO 2019-10-21 11:23:53,444 basehttp 124 "OPTIONS /user/ HTTP/1.1" 200 0
INFO 2019-10-21 11:23:53,505 basehttp 124 "GET /user/ HTTP/1.1" 200 92
INFO 2019-10-21 11:23:53,523 basehttp 124 "OPTIONS /browse_histories/ HTTP/1.1" 200 0
WARNING 2019-10-21 11:23:53,560 log 228 Not Found: /browse_histories/
WARNING 2019-10-21 11:23:53,562 basehttp 124 "GET /browse_histories/ HTTP/1.1" 404 4277
INFO 2019-10-21 11:24:46,622 basehttp 124 "OPTIONS /addresses/ HTTP/1.1" 200 0
WARNING 2019-10-21 11:24:46,630 log 228 Not Found: /areas/
WARNING 2019-10-21 11:24:46,633 basehttp 124 "GET /areas/ HTTP/1.1" 404 4244
WARNING 2019-10-21 11:24:46,649 log 228 Not Found: /addresses/
WARNING 2019-10-21 11:24:46,650 basehttp 124 "GET /addresses/ HTTP/1.1" 404 4256
INFO 2019-10-21 11:24:51,845 basehttp 124 "GET /user/ HTTP/1.1" 200 92
WARNING 2019-10-21 11:24:51,867 log 228 Not Found: /browse_histories/
WARNING 2019-10-21 11:24:51,868 basehttp 124 "GET /browse_histories/ HTTP/1.1" 404 4277
INFO 2019-10-21 11:25:00,064 basehttp 124 "OPTIONS /emails/ HTTP/1.1" 200 0
ERROR 2019-10-21 11:25:00,533 log 228 Internal Server Error: /emails/
Traceback (most recent call last):
  File "F:\python\virtual\django_meiduo\lib\site-packages\django\core\handlers\exception.py", line 34, in inner
    response = get_response(request)
  File "F:\python\virtual\django_meiduo\lib\site-packages\django\core\handlers\base.py", line 126, in _get_response
    response = self.process_exception_by_middleware(e, request)
  File "F:\python\virtual\django_meiduo\lib\site-packages\django\core\handlers\base.py", line 124, in _get_response
    response = wrapped_callback(request, *callback_args, **callback_kwargs)
  File "F:\python\virtual\django_meiduo\lib\site-packages\django\views\decorators\csrf.py", line 54, in wrapped_view
    return view_func(*args, **kwargs)
  File "F:\python\virtual\django_meiduo\lib\site-packages\django\views\generic\base.py", line 68, in view
    return self.dispatch(request, *args, **kwargs)
  File "F:\python\virtual\django_meiduo\lib\site-packages\rest_framework\views.py", line 483, in dispatch
    response = self.handle_exception(exc)
  File "F:\python\virtual\django_meiduo\lib\site-packages\rest_framework\views.py", line 443, in handle_exception
    self.raise_uncaught_exception(exc)
  File "F:\python\virtual\django_meiduo\lib\site-packages\rest_framework\views.py", line 480, in dispatch
    response = handler(request, *args, **kwargs)
  File "F:\python\virtual\django_meiduo\lib\site-packages\rest_framework\generics.py", line 228, in put
    return self.update(request, *args, **kwargs)
  File "F:\python\virtual\django_meiduo\lib\site-packages\rest_framework\mixins.py", line 70, in update
    self.perform_update(serializer)
  File "F:\python\virtual\django_meiduo\lib\site-packages\rest_framework\mixins.py", line 80, in perform_update
    serializer.save()
  File "F:\python\virtual\django_meiduo\lib\site-packages\rest_framework\serializers.py", line 209, in save
    self.instance = self.update(self.instance, validated_data)
  File "F:\python\workspace\meiduo_project\meiduo_mall\meiduo_mall\apps\users\serializers.py", line 206, in update
    send_verify_email.delay(instance.email, verify_url)
NameError: name 'send_verify_email' is not defined
ERROR 2019-10-21 11:25:00,557 basehttp 124 "PUT /emails/ HTTP/1.1" 500 19847
INFO 2019-10-21 11:26:36,677 basehttp 124 "GET /user/ HTTP/1.1" 200 108
WARNING 2019-10-21 11:26:36,722 log 228 Not Found: /browse_histories/
WARNING 2019-10-21 11:26:36,723 basehttp 124 "GET /browse_histories/ HTTP/1.1" 404 4277
ERROR 2019-10-21 11:26:42,049 log 228 Internal Server Error: /emails/
Traceback (most recent call last):
  File "F:\python\virtual\django_meiduo\lib\site-packages\django\core\handlers\exception.py", line 34, in inner
    response = get_response(request)
  File "F:\python\virtual\django_meiduo\lib\site-packages\django\core\handlers\base.py", line 126, in _get_response
    response = self.process_exception_by_middleware(e, request)
  File "F:\python\virtual\django_meiduo\lib\site-packages\django\core\handlers\base.py", line 124, in _get_response
    response = wrapped_callback(request, *callback_args, **callback_kwargs)
  File "F:\python\virtual\django_meiduo\lib\site-packages\django\views\decorators\csrf.py", line 54, in wrapped_view
    return view_func(*args, **kwargs)
  File "F:\python\virtual\django_meiduo\lib\site-packages\django\views\generic\base.py", line 68, in view
    return self.dispatch(request, *args, **kwargs)
  File "F:\python\virtual\django_meiduo\lib\site-packages\rest_framework\views.py", line 483, in dispatch
    response = self.handle_exception(exc)
  File "F:\python\virtual\django_meiduo\lib\site-packages\rest_framework\views.py", line 443, in handle_exception
    self.raise_uncaught_exception(exc)
  File "F:\python\virtual\django_meiduo\lib\site-packages\rest_framework\views.py", line 480, in dispatch
    response = handler(request, *args, **kwargs)
  File "F:\python\virtual\django_meiduo\lib\site-packages\rest_framework\generics.py", line 228, in put
    return self.update(request, *args, **kwargs)
  File "F:\python\virtual\django_meiduo\lib\site-packages\rest_framework\mixins.py", line 70, in update
    self.perform_update(serializer)
  File "F:\python\virtual\django_meiduo\lib\site-packages\rest_framework\mixins.py", line 80, in perform_update
    serializer.save()
  File "F:\python\virtual\django_meiduo\lib\site-packages\rest_framework\serializers.py", line 211, in save
    '`update()` did not return an object instance.'
AssertionError: `update()` did not return an object instance.
ERROR 2019-10-21 11:26:42,053 basehttp 124 "PUT /emails/ HTTP/1.1" 500 19692
INFO 2019-10-21 11:30:58,529 basehttp 124 "GET /user/ HTTP/1.1" 200 108
WARNING 2019-10-21 11:30:58,557 log 228 Not Found: /browse_histories/
WARNING 2019-10-21 11:30:58,559 basehttp 124 "GET /browse_histories/ HTTP/1.1" 404 4277
ERROR 2019-10-21 11:31:00,646 log 228 Internal Server Error: /emails/
Traceback (most recent call last):
  File "F:\python\virtual\django_meiduo\lib\site-packages\django\core\handlers\exception.py", line 34, in inner
    response = get_response(request)
  File "F:\python\virtual\django_meiduo\lib\site-packages\django\core\handlers\base.py", line 126, in _get_response
    response = self.process_exception_by_middleware(e, request)
  File "F:\python\virtual\django_meiduo\lib\site-packages\django\core\handlers\base.py", line 124, in _get_response
    response = wrapped_callback(request, *callback_args, **callback_kwargs)
  File "F:\python\virtual\django_meiduo\lib\site-packages\django\views\decorators\csrf.py", line 54, in wrapped_view
    return view_func(*args, **kwargs)
  File "F:\python\virtual\django_meiduo\lib\site-packages\django\views\generic\base.py", line 68, in view
    return self.dispatch(request, *args, **kwargs)
  File "F:\python\virtual\django_meiduo\lib\site-packages\rest_framework\views.py", line 483, in dispatch
    response = self.handle_exception(exc)
  File "F:\python\virtual\django_meiduo\lib\site-packages\rest_framework\views.py", line 443, in handle_exception
    self.raise_uncaught_exception(exc)
  File "F:\python\virtual\django_meiduo\lib\site-packages\rest_framework\views.py", line 480, in dispatch
    response = handler(request, *args, **kwargs)
  File "F:\python\virtual\django_meiduo\lib\site-packages\rest_framework\generics.py", line 228, in put
    return self.update(request, *args, **kwargs)
  File "F:\python\virtual\django_meiduo\lib\site-packages\rest_framework\mixins.py", line 70, in update
    self.perform_update(serializer)
  File "F:\python\virtual\django_meiduo\lib\site-packages\rest_framework\mixins.py", line 80, in perform_update
    serializer.save()
  File "F:\python\virtual\django_meiduo\lib\site-packages\rest_framework\serializers.py", line 211, in save
    '`update()` did not return an object instance.'
AssertionError: `update()` did not return an object instance.
ERROR 2019-10-21 11:31:00,650 basehttp 124 "PUT /emails/ HTTP/1.1" 500 19692
INFO 2019-10-21 11:37:23,384 basehttp 124 "GET /user/ HTTP/1.1" 200 108
WARNING 2019-10-21 11:37:23,415 log 228 Not Found: /browse_histories/
WARNING 2019-10-21 11:37:23,417 basehttp 124 "GET /browse_histories/ HTTP/1.1" 404 4277
ERROR 2019-10-21 11:37:25,475 log 228 Internal Server Error: /emails/
Traceback (most recent call last):
  File "F:\python\virtual\django_meiduo\lib\site-packages\django\core\handlers\exception.py", line 34, in inner
    response = get_response(request)
  File "F:\python\virtual\django_meiduo\lib\site-packages\django\core\handlers\base.py", line 126, in _get_response
    response = self.process_exception_by_middleware(e, request)
  File "F:\python\virtual\django_meiduo\lib\site-packages\django\core\handlers\base.py", line 124, in _get_response
    response = wrapped_callback(request, *callback_args, **callback_kwargs)
  File "F:\python\virtual\django_meiduo\lib\site-packages\django\views\decorators\csrf.py", line 54, in wrapped_view
    return view_func(*args, **kwargs)
  File "F:\python\virtual\django_meiduo\lib\site-packages\django\views\generic\base.py", line 68, in view
    return self.dispatch(request, *args, **kwargs)
  File "F:\python\virtual\django_meiduo\lib\site-packages\rest_framework\views.py", line 483, in dispatch
    response = self.handle_exception(exc)
  File "F:\python\virtual\django_meiduo\lib\site-packages\rest_framework\views.py", line 443, in handle_exception
    self.raise_uncaught_exception(exc)
  File "F:\python\virtual\django_meiduo\lib\site-packages\rest_framework\views.py", line 480, in dispatch
    response = handler(request, *args, **kwargs)
  File "F:\python\virtual\django_meiduo\lib\site-packages\rest_framework\generics.py", line 228, in put
    return self.update(request, *args, **kwargs)
  File "F:\python\virtual\django_meiduo\lib\site-packages\rest_framework\mixins.py", line 70, in update
    self.perform_update(serializer)
  File "F:\python\virtual\django_meiduo\lib\site-packages\rest_framework\mixins.py", line 80, in perform_update
    serializer.save()
  File "F:\python\virtual\django_meiduo\lib\site-packages\rest_framework\serializers.py", line 211, in save
    '`update()` did not return an object instance.'
AssertionError: `update()` did not return an object instance.
ERROR 2019-10-21 11:37:25,480 basehttp 124 "PUT /emails/ HTTP/1.1" 500 19692
INFO 2019-10-21 11:38:26,908 basehttp 124 "POST /authorizations/ HTTP/1.1" 200 269
INFO 2019-10-21 11:38:27,022 basehttp 124 "GET /user/ HTTP/1.1" 200 108
WARNING 2019-10-21 11:38:27,064 log 228 Not Found: /browse_histories/
WARNING 2019-10-21 11:38:27,066 basehttp 124 "GET /browse_histories/ HTTP/1.1" 404 4277
INFO 2019-10-21 11:38:30,659 basehttp 124 "GET /user/ HTTP/1.1" 200 108
WARNING 2019-10-21 11:38:30,679 log 228 Not Found: /browse_histories/
WARNING 2019-10-21 11:38:30,680 basehttp 124 "GET /browse_histories/ HTTP/1.1" 404 4277
INFO 2019-10-21 11:38:32,830 basehttp 124 "PUT /emails/ HTTP/1.1" 200 35
INFO 2019-10-21 11:41:00,369 basehttp 124 "GET /user/ HTTP/1.1" 200 108
WARNING 2019-10-21 11:41:00,392 log 228 Not Found: /browse_histories/
WARNING 2019-10-21 11:41:00,396 basehttp 124 "GET /browse_histories/ HTTP/1.1" 404 4277
INFO 2019-10-21 11:41:38,562 basehttp 124 "GET /user/ HTTP/1.1" 200 108
WARNING 2019-10-21 11:41:38,590 log 228 Not Found: /browse_histories/
WARNING 2019-10-21 11:41:38,594 basehttp 124 "GET /browse_histories/ HTTP/1.1" 404 4277
INFO 2019-10-21 11:41:46,515 basehttp 124 "PUT /emails/ HTTP/1.1" 200 35
INFO 2019-10-21 11:43:34,941 basehttp 124 "GET /user/ HTTP/1.1" 200 108
WARNING 2019-10-21 11:43:34,987 log 228 Not Found: /browse_histories/
WARNING 2019-10-21 11:43:34,988 basehttp 124 "GET /browse_histories/ HTTP/1.1" 404 4277
INFO 2019-10-21 11:43:36,192 basehttp 124 "PUT /emails/ HTTP/1.1" 200 35
INFO 2019-10-21 11:47:16,336 basehttp 124 "GET /user/ HTTP/1.1" 200 108
WARNING 2019-10-21 11:47:16,378 log 228 Not Found: /browse_histories/
WARNING 2019-10-21 11:47:16,380 basehttp 124 "GET /browse_histories/ HTTP/1.1" 404 4277
INFO 2019-10-21 11:47:17,954 basehttp 124 "PUT /emails/ HTTP/1.1" 200 35
INFO 2019-10-21 11:58:23,129 basehttp 124 "GET /user/ HTTP/1.1" 200 108
WARNING 2019-10-21 11:58:23,164 log 228 Not Found: /browse_histories/
WARNING 2019-10-21 11:58:23,166 basehttp 124 "GET /browse_histories/ HTTP/1.1" 404 4277
INFO 2019-10-21 11:58:25,587 basehttp 124 "PUT /emails/ HTTP/1.1" 200 35
INFO 2019-10-21 12:34:38,243 basehttp 124 "GET /user/ HTTP/1.1" 200 108
WARNING 2019-10-21 12:34:38,272 log 228 Not Found: /browse_histories/
WARNING 2019-10-21 12:34:38,273 basehttp 124 "GET /browse_histories/ HTTP/1.1" 404 4277
INFO 2019-10-21 12:34:39,927 basehttp 124 "PUT /emails/ HTTP/1.1" 200 35
INFO 2019-10-21 13:58:41,134 basehttp 124 "OPTIONS /user/ HTTP/1.1" 200 0
INFO 2019-10-21 13:58:41,198 basehttp 124 "GET /user/ HTTP/1.1" 200 108
INFO 2019-10-21 13:58:41,213 basehttp 124 "OPTIONS /browse_histories/ HTTP/1.1" 200 0
WARNING 2019-10-21 13:58:41,233 log 228 Not Found: /browse_histories/
WARNING 2019-10-21 13:58:41,236 basehttp 124 "GET /browse_histories/ HTTP/1.1" 404 4277
INFO 2019-10-21 13:58:42,273 basehttp 124 "OPTIONS /emails/ HTTP/1.1" 200 0
INFO 2019-10-21 13:58:42,535 basehttp 124 "PUT /emails/ HTTP/1.1" 200 35
INFO 2019-10-21 14:00:17,679 basehttp 124 "GET /user/ HTTP/1.1" 200 108
WARNING 2019-10-21 14:00:17,715 log 228 Not Found: /browse_histories/
WARNING 2019-10-21 14:00:17,716 basehttp 124 "GET /browse_histories/ HTTP/1.1" 404 4277
INFO 2019-10-21 14:00:19,068 basehttp 124 "PUT /emails/ HTTP/1.1" 200 35
INFO 2019-10-21 14:01:55,987 basehttp 124 "GET /user/ HTTP/1.1" 200 108
WARNING 2019-10-21 14:01:56,027 log 228 Not Found: /browse_histories/
WARNING 2019-10-21 14:01:56,028 basehttp 124 "GET /browse_histories/ HTTP/1.1" 404 4277
INFO 2019-10-21 14:01:57,742 basehttp 124 "PUT /emails/ HTTP/1.1" 200 35
INFO 2019-10-21 14:02:40,435 basehttp 124 "GET /user/ HTTP/1.1" 200 108
WARNING 2019-10-21 14:02:40,467 log 228 Not Found: /browse_histories/
WARNING 2019-10-21 14:02:40,468 basehttp 124 "GET /browse_histories/ HTTP/1.1" 404 4277
INFO 2019-10-21 14:02:41,998 basehttp 124 "PUT /emails/ HTTP/1.1" 200 35
INFO 2019-10-21 14:06:43,248 basehttp 124 "GET /user/ HTTP/1.1" 200 108
WARNING 2019-10-21 14:06:43,278 log 228 Not Found: /browse_histories/
WARNING 2019-10-21 14:06:43,280 basehttp 124 "GET /browse_histories/ HTTP/1.1" 404 4277
INFO 2019-10-21 14:06:44,578 basehttp 124 "PUT /emails/ HTTP/1.1" 200 35
WARNING 2019-10-21 14:06:51,936 log 228 Bad Request: /emails/verification/
WARNING 2019-10-21 14:06:51,939 basehttp 124 "GET /emails/verification/?token=eyJhbGciOiJIUzI1NiIsImlhdCI6MTU3MTYzODAwNCwiZXhwIjoxNTcxNjM4OTA0fQ.eyJ1c2VyX2lkIjoxLCJlbWFpbCI6I HTTP/1.1" 400 18
INFO 2019-10-21 14:11:22,183 basehttp 124 "GET /user/ HTTP/1.1" 200 108
WARNING 2019-10-21 14:11:22,221 log 228 Not Found: /browse_histories/
WARNING 2019-10-21 14:11:22,223 basehttp 124 "GET /browse_histories/ HTTP/1.1" 404 4276
INFO 2019-10-21 14:11:23,461 basehttp 124 "PUT /emails/ HTTP/1.1" 200 35
INFO 2019-10-21 14:16:53,844 basehttp 124 "GET /user/ HTTP/1.1" 200 108
WARNING 2019-10-21 14:16:53,876 log 228 Not Found: /browse_histories/
WARNING 2019-10-21 14:16:53,877 basehttp 124 "GET /browse_histories/ HTTP/1.1" 404 4276
INFO 2019-10-21 14:16:55,178 basehttp 124 "PUT /emails/ HTTP/1.1" 200 35
INFO 2019-10-21 14:20:52,895 basehttp 124 "GET /user/ HTTP/1.1" 200 108
WARNING 2019-10-21 14:20:52,925 log 228 Not Found: /browse_histories/
WARNING 2019-10-21 14:20:52,926 basehttp 124 "GET /browse_histories/ HTTP/1.1" 404 4276
INFO 2019-10-21 14:20:54,084 basehttp 124 "PUT /emails/ HTTP/1.1" 200 35
INFO 2019-10-21 14:21:48,101 basehttp 124 "GET /user/ HTTP/1.1" 200 108
WARNING 2019-10-21 14:21:48,132 log 228 Not Found: /browse_histories/
WARNING 2019-10-21 14:21:48,133 basehttp 124 "GET /browse_histories/ HTTP/1.1" 404 4276
INFO 2019-10-21 14:21:49,256 basehttp 124 "PUT /emails/ HTTP/1.1" 200 35
INFO 2019-10-21 14:26:41,977 basehttp 124 "OPTIONS /authorizations/ HTTP/1.1" 200 0
INFO 2019-10-21 14:26:42,139 basehttp 124 "POST /authorizations/ HTTP/1.1" 200 269
INFO 2019-10-21 14:26:42,263 basehttp 124 "GET /user/ HTTP/1.1" 200 108
WARNING 2019-10-21 14:26:42,302 log 228 Not Found: /browse_histories/
WARNING 2019-10-21 14:26:42,303 basehttp 124 "GET /browse_histories/ HTTP/1.1" 404 4276
INFO 2019-10-21 14:26:46,103 basehttp 124 "PUT /emails/ HTTP/1.1" 200 35
INFO 2019-10-21 14:29:16,674 basehttp 124 "POST /authorizations/ HTTP/1.1" 200 269
INFO 2019-10-21 14:29:16,836 basehttp 124 "GET /user/ HTTP/1.1" 200 108
WARNING 2019-10-21 14:29:16,877 log 228 Not Found: /browse_histories/
WARNING 2019-10-21 14:29:16,881 basehttp 124 "GET /browse_histories/ HTTP/1.1" 404 4276
INFO 2019-10-21 14:29:20,225 basehttp 124 "PUT /emails/ HTTP/1.1" 200 35
WARNING 2019-10-21 14:29:46,825 log 228 Bad Request: /emails/verification/
WARNING 2019-10-21 14:29:46,826 basehttp 124 "GET /emails/verification/?token=eyJhbGciOiJIUzI1NiIsImlhdCI6MTU3MTYzOTM2MCwiZXhwIjoxNTcxNjQwMjYwfQ.eyJ1c2VyX2lkIjoxLCJlbWFpbCI6IjcxMDM2MzQzN0BxcS5jb20ifQ.lp_l-pl0qSTkEyhK4STEZgD1ZaxNv8APsV5_lQuSbm4 HTTP/1.1" 400 18
INFO 2019-10-21 14:33:49,389 basehttp 124 "OPTIONS /cart/ HTTP/1.1" 200 0
WARNING 2019-10-21 14:33:49,491 log 228 Not Found: /cart/
WARNING 2019-10-21 14:33:49,492 basehttp 124 "GET /cart/ HTTP/1.1" 404 4240
INFO 2019-10-21 14:34:01,550 basehttp 124 "OPTIONS /authorizations/ HTTP/1.1" 200 0
INFO 2019-10-21 14:34:01,653 basehttp 124 "POST /authorizations/ HTTP/1.1" 200 269
WARNING 2019-10-21 14:34:01,963 log 228 Not Found: /cart/
WARNING 2019-10-21 14:34:01,964 basehttp 124 "GET /cart/ HTTP/1.1" 404 4240
INFO 2019-10-21 14:34:04,032 basehttp 124 "OPTIONS /user/ HTTP/1.1" 200 0
INFO 2019-10-21 14:34:04,066 basehttp 124 "GET /user/ HTTP/1.1" 200 107
INFO 2019-10-21 14:34:04,099 basehttp 124 "OPTIONS /browse_histories/ HTTP/1.1" 200 0
WARNING 2019-10-21 14:34:04,127 log 228 Not Found: /browse_histories/
WARNING 2019-10-21 14:34:04,128 basehttp 124 "GET /browse_histories/ HTTP/1.1" 404 4276
WARNING 2019-10-21 14:38:12,084 log 228 Not Found: /cart/
WARNING 2019-10-21 14:38:12,085 basehttp 124 "GET /cart/ HTTP/1.1" 404 4240
WARNING 2019-10-21 14:38:12,969 log 228 Not Found: /cart/
WARNING 2019-10-21 14:38:12,970 basehttp 124 "GET /cart/ HTTP/1.1" 404 4240
INFO 2019-10-21 14:38:14,769 basehttp 124 "GET /user/ HTTP/1.1" 200 108
WARNING 2019-10-21 14:38:14,807 log 228 Not Found: /browse_histories/
WARNING 2019-10-21 14:38:14,809 basehttp 124 "GET /browse_histories/ HTTP/1.1" 404 4276
INFO 2019-10-21 14:38:17,000 basehttp 124 "GET /user/ HTTP/1.1" 200 108
WARNING 2019-10-21 14:38:17,025 log 228 Not Found: /browse_histories/
WARNING 2019-10-21 14:38:17,026 basehttp 124 "GET /browse_histories/ HTTP/1.1" 404 4276
INFO 2019-10-21 14:38:53,288 basehttp 124 "OPTIONS /emails/ HTTP/1.1" 200 0
INFO 2019-10-21 14:38:53,596 basehttp 124 "PUT /emails/ HTTP/1.1" 200 35
WARNING 2019-10-21 14:39:12,528 log 228 Bad Request: /emails/verification/
WARNING 2019-10-21 14:39:12,529 basehttp 124 "GET /emails/verification/?token=eyJhbGciOiJIUzI1NiIsImlhdCI6MTU3MTYzOTkzMywiZXhwIjoxNTcxNjQwODMzfQ.eyJ1c2VyX2lkIjoxLCJlbWFpbCI6IjcxMDM2MzQzN0BxcS5jb20ifQ.76zK-70uXZMLdqLuV0i_GuNCO2kLB2QaRxnEmC54g7I HTTP/1.1" 400 18
INFO 2019-10-21 14:44:23,147 basehttp 124 "GET /user/ HTTP/1.1" 200 108
WARNING 2019-10-21 14:44:23,178 log 228 Not Found: /browse_histories/
WARNING 2019-10-21 14:44:23,180 basehttp 124 "GET /browse_histories/ HTTP/1.1" 404 4276
INFO 2019-10-21 14:44:25,371 basehttp 124 "PUT /emails/ HTTP/1.1" 200 35
INFO 2019-10-21 14:44:51,388 basehttp 124 "GET /emails/verification/?token=eyJhbGciOiJIUzI1NiIsImlhdCI6MTU3MTY0MDI2NSwiZXhwIjoxNTcxNjQxMTY1fQ.eyJ1c2VyX2lkIjoxLCJlbWFpbCI6IjcxMDM2MzQzN0BxcS5jb20ifQ.XIG57JSQinT8W3LOs9CV9O2DKqXLqJctfeAHjEEDMgc HTTP/1.1" 200 16
INFO 2019-10-21 14:44:55,201 basehttp 124 "OPTIONS /cart/ HTTP/1.1" 200 0
WARNING 2019-10-21 14:44:55,308 log 228 Not Found: /cart/
WARNING 2019-10-21 14:44:55,310 basehttp 124 "GET /cart/ HTTP/1.1" 404 4240
INFO 2019-10-21 14:45:14,065 basehttp 124 "OPTIONS /authorizations/ HTTP/1.1" 200 0
INFO 2019-10-21 14:45:14,168 basehttp 124 "POST /authorizations/ HTTP/1.1" 200 269
INFO 2019-10-21 14:45:14,248 basehttp 124 "OPTIONS /user/ HTTP/1.1" 200 0
INFO 2019-10-21 14:45:14,290 basehttp 124 "GET /user/ HTTP/1.1" 200 107
INFO 2019-10-21 14:45:14,313 basehttp 124 "OPTIONS /browse_histories/ HTTP/1.1" 200 0
WARNING 2019-10-21 14:45:14,343 log 228 Not Found: /browse_histories/
WARNING 2019-10-21 14:45:14,345 basehttp 124 "GET /browse_histories/ HTTP/1.1" 404 4276
INFO 2019-10-21 17:58:12,176 basehttp 124 "OPTIONS /user/ HTTP/1.1" 200 0
INFO 2019-10-21 17:58:12,363 basehttp 124 "GET /user/ HTTP/1.1" 200 107
INFO 2019-10-21 17:58:12,428 basehttp 124 "OPTIONS /browse_histories/ HTTP/1.1" 200 0
WARNING 2019-10-21 17:58:12,487 log 228 Not Found: /browse_histories/
WARNING 2019-10-21 17:58:12,487 basehttp 124 "GET /browse_histories/ HTTP/1.1" 404 6377
INFO 2019-10-21 17:58:15,143 basehttp 124 "OPTIONS /addresses/ HTTP/1.1" 200 0
WARNING 2019-10-21 17:58:15,169 log 228 Not Found: /areas/
WARNING 2019-10-21 17:58:15,171 basehttp 124 "GET /areas/ HTTP/1.1" 404 6344
INFO 2019-10-21 17:58:15,221 basehttp 124 "GET /addresses/ HTTP/1.1" 200 65
INFO 2019-10-21 17:59:15,420 basehttp 124 "OPTIONS /authorizations/ HTTP/1.1" 200 0
INFO 2019-10-21 17:59:15,562 basehttp 124 "POST /authorizations/ HTTP/1.1" 200 269
WARNING 2019-10-21 17:59:15,694 log 228 Not Found: /areas/
WARNING 2019-10-21 17:59:15,697 basehttp 124 "GET /areas/ HTTP/1.1" 404 6344
INFO 2019-10-21 17:59:15,716 basehttp 124 "GET /addresses/ HTTP/1.1" 200 65
INFO 2019-10-21 18:19:05,066 basehttp 124 "POST /authorizations/ HTTP/1.1" 200 269
WARNING 2019-10-21 18:19:05,228 log 228 Not Found: /areas/
WARNING 2019-10-21 18:19:05,232 basehttp 124 "GET /areas/ HTTP/1.1" 404 6344
INFO 2019-10-21 18:19:05,264 basehttp 124 "GET /addresses/ HTTP/1.1" 200 65
WARNING 2019-10-21 18:24:54,604 log 228 Not Found: /areas/
WARNING 2019-10-21 18:24:54,605 basehttp 124 "GET /areas/ HTTP/1.1" 404 6344
INFO 2019-10-21 18:24:54,619 basehttp 124 "GET /addresses/ HTTP/1.1" 200 65
WARNING 2019-10-21 18:25:36,304 log 228 Not Found: /areas/
WARNING 2019-10-21 18:25:36,305 basehttp 124 "GET /areas/ HTTP/1.1" 404 6344
INFO 2019-10-21 18:25:36,321 basehttp 124 "GET /addresses/ HTTP/1.1" 200 65
INFO 2019-10-21 18:26:29,260 basehttp 124 "GET /addresses/ HTTP/1.1" 200 65
INFO 2019-10-21 18:26:29,280 basehttp 124 "GET /areas/ HTTP/1.1" 200 1204
INFO 2019-10-21 18:26:52,938 basehttp 124 "GET /areas/110000/ HTTP/1.1" 200 74
INFO 2019-10-21 18:27:45,171 basehttp 124 "GET /areas/370000/ HTTP/1.1" 200 602
INFO 2019-10-21 18:27:47,555 basehttp 124 "GET /areas/370100/ HTTP/1.1" 200 371
INFO 2019-10-21 18:28:26,637 basehttp 124 "POST /addresses/ HTTP/1.1" 201 247
INFO 2019-10-21 18:29:03,395 basehttp 124 "OPTIONS /addresses/1/status/ HTTP/1.1" 200 0
INFO 2019-10-21 18:29:03,746 basehttp 124 "PUT /addresses/1/status/ HTTP/1.1" 200 16
INFO 2019-10-21 18:30:24,890 basehttp 124 "OPTIONS /addresses/1/ HTTP/1.1" 200 0
INFO 2019-10-21 18:30:24,994 basehttp 124 "PUT /addresses/1/ HTTP/1.1" 200 247
INFO 2019-10-21 18:34:54,734 basehttp 124 "GET /areas/ HTTP/1.1" 200 1204
INFO 2019-10-21 18:34:54,763 basehttp 124 "GET /addresses/ HTTP/1.1" 200 320
INFO 2019-10-21 18:34:56,601 basehttp 124 "GET /areas/370000/ HTTP/1.1" 200 602
INFO 2019-10-21 18:34:56,602 basehttp 124 "GET /areas/370100/ HTTP/1.1" 200 371
INFO 2019-10-21 18:35:03,462 basehttp 124 "PUT /addresses/1/ HTTP/1.1" 200 274
INFO 2019-10-21 18:35:26,261 basehttp 124 "GET /areas/610000/ HTTP/1.1" 200 371
INFO 2019-10-21 18:35:37,526 basehttp 124 "GET /areas/610100/ HTTP/1.1" 200 467
INFO 2019-10-21 18:36:04,140 basehttp 124 "POST /addresses/ HTTP/1.1" 201 268
INFO 2019-10-21 18:36:16,442 basehttp 124 "OPTIONS /addresses/2/status/ HTTP/1.1" 200 0
INFO 2019-10-21 18:36:16,582 basehttp 124 "PUT /addresses/2/status/ HTTP/1.1" 200 16
INFO 2019-10-21 18:36:20,927 basehttp 124 "PUT /addresses/1/status/ HTTP/1.1" 200 16
INFO 2019-10-21 18:36:24,829 basehttp 124 "GET /areas/ HTTP/1.1" 200 1204
INFO 2019-10-21 18:36:24,854 basehttp 124 "GET /addresses/ HTTP/1.1" 200 605
INFO 2019-10-21 18:36:45,539 basehttp 124 "OPTIONS /addresses/2/ HTTP/1.1" 200 0
INFO 2019-10-21 18:36:45,661 basehttp 124 "DELETE /addresses/2/ HTTP/1.1" 204 0
INFO 2019-10-21 18:37:35,430 basehttp 124 "GET /areas/ HTTP/1.1" 200 1204
INFO 2019-10-21 18:37:35,444 basehttp 124 "GET /addresses/ HTTP/1.1" 200 336
INFO 2019-10-21 18:37:39,283 basehttp 124 "GET /user/ HTTP/1.1" 200 107
WARNING 2019-10-21 18:37:39,305 log 228 Not Found: /browse_histories/
WARNING 2019-10-21 18:37:39,306 basehttp 124 "GET /browse_histories/ HTTP/1.1" 404 7538
INFO 2019-10-23 11:32:25,184 basehttp 124 "GET /image_codes/84f4a3c4-cc9f-405a-8cae-bd924f027f66/ HTTP/1.1" 200 3092
INFO 2019-10-23 11:32:54,746 basehttp 124 "GET /usernames/%E4%B8%96%E7%95%8C%E9%82%A3%E4%B9%88%E5%A4%A7/count/ HTTP/1.1" 200 40
INFO 2019-10-23 11:33:05,729 basehttp 124 "GET /mobiles/18882028307/count/ HTTP/1.1" 200 34
INFO 2019-10-23 11:33:14,932 basehttp 124 "GET /mobiles/18882028307/count/ HTTP/1.1" 200 34
INFO 2019-10-23 11:33:15,202 basehttp 124 "GET /sms_codes/18882028307/?text=wl5r&image_code_id=84f4a3c4-cc9f-405a-8cae-bd924f027f66 HTTP/1.1" 200 16
INFO 2019-10-23 11:33:15,429 tasks 28 楠璇淇[姝ｅ父][ mobile: 18882028307 ]
INFO 2019-10-23 11:33:32,072 basehttp 124 "GET /usernames/%E4%B8%96%E7%95%8C%E9%82%A3%E4%B9%88%E5%A4%A7/count/ HTTP/1.1" 200 40
INFO 2019-10-23 11:33:32,087 basehttp 124 "GET /mobiles/18882028307/count/ HTTP/1.1" 200 34
INFO 2019-10-23 11:33:32,095 basehttp 124 "OPTIONS /users/ HTTP/1.1" 200 0
INFO 2019-10-23 11:33:32,381 basehttp 124 "POST /users/ HTTP/1.1" 201 266
INFO 2019-10-23 11:33:48,480 basehttp 124 "OPTIONS /authorizations/ HTTP/1.1" 200 0
INFO 2019-10-23 11:33:48,657 basehttp 124 "POST /authorizations/ HTTP/1.1" 200 248
INFO 2019-10-23 11:33:49,777 basehttp 124 "OPTIONS /cart/ HTTP/1.1" 200 0
WARNING 2019-10-23 11:33:49,977 log 228 Not Found: /cart/
WARNING 2019-10-23 11:33:49,980 basehttp 124 "GET /cart/ HTTP/1.1" 404 7502
INFO 2019-10-23 11:33:52,974 basehttp 124 "OPTIONS /user/ HTTP/1.1" 200 0
INFO 2019-10-23 11:33:53,052 basehttp 124 "GET /user/ HTTP/1.1" 200 92
INFO 2019-10-23 11:33:53,083 basehttp 124 "OPTIONS /browse_histories/ HTTP/1.1" 200 0
WARNING 2019-10-23 11:33:53,123 log 228 Not Found: /browse_histories/
WARNING 2019-10-23 11:33:53,126 basehttp 124 "GET /browse_histories/ HTTP/1.1" 404 7538
INFO 2019-10-23 11:34:08,428 basehttp 124 "OPTIONS /emails/ HTTP/1.1" 200 0
INFO 2019-10-23 11:34:08,475 basehttp 124 "PUT /emails/ HTTP/1.1" 200 35
INFO 2019-10-23 11:36:49,463 basehttp 124 "GET /emails/verification/?token=eyJhbGciOiJIUzI1NiIsImlhdCI6MTU3MTgwMTY0OCwiZXhwIjoxNTcxODAyNTQ4fQ.eyJ1c2VyX2lkIjoxLCJlbWFpbCI6IjcxMDM2MzQzN0BxcS5jb20ifQ.IFaI2grwE-uKeSb6L9pcfMDSwN-KaMXfRth6-Gz43Rk HTTP/1.1" 200 16
INFO 2019-10-23 11:36:54,351 basehttp 124 "OPTIONS /cart/ HTTP/1.1" 200 0
WARNING 2019-10-23 11:36:54,552 log 228 Not Found: /cart/
WARNING 2019-10-23 11:36:54,555 basehttp 124 "GET /cart/ HTTP/1.1" 404 7502
INFO 2019-10-23 11:37:06,801 basehttp 124 "GET /user/ HTTP/1.1" 200 107
WARNING 2019-10-23 11:37:06,887 log 228 Not Found: /browse_histories/
WARNING 2019-10-23 11:37:06,892 basehttp 124 "GET /browse_histories/ HTTP/1.1" 404 7538
INFO 2019-10-23 11:37:27,836 basehttp 124 "GET /image_codes/0e89be7c-4ef6-4629-a9f5-c900266ef7ed/ HTTP/1.1" 200 3466
WARNING 2019-10-23 11:37:40,488 log 228 Bad Request: /accounts/18882028307/sms/token/
WARNING 2019-10-23 11:37:40,488 basehttp 124 "GET /accounts/18882028307/sms/token/?text=swec&image_code_id=0e89be7c-4ef6-4629-a9f5-c900266ef7ed HTTP/1.1" 400 46
INFO 2019-10-23 11:37:42,013 basehttp 124 "GET /image_codes/b57b35ab-844c-4dc9-b412-c3c353552154/ HTTP/1.1" 200 2922
INFO 2019-10-23 11:37:43,527 basehttp 124 "GET /image_codes/b1a89b11-9adf-4379-a6a4-d761b6d48252/ HTTP/1.1" 200 3053
INFO 2019-10-23 11:37:56,306 basehttp 124 "GET /accounts/18882028307/sms/token/?text=ge6t&image_code_id=b1a89b11-9adf-4379-a6a4-d761b6d48252 HTTP/1.1" 200 185
INFO 2019-10-23 11:37:58,368 basehttp 124 "GET /sms_codes/?access_token=eyJhbGciOiJIUzI1NiIsImlhdCI6MTU3MTgwMTg3NiwiZXhwIjoxNTcxODAyMTc2fQ.eyJtb2JpbGUiOiIxODg4MjAyODMwNyJ9.i9vd_BzI2FIOLMy4Ll3_dKpeJlnEbGUq12oOCa1-7YA HTTP/1.1" 200 16
INFO 2019-10-23 11:37:58,528 tasks 28 楠璇淇[姝ｅ父][ mobile: 18882028307 ]
INFO 2019-10-23 11:38:17,062 basehttp 124 "GET /accounts/18882028307/password/token/?sms_code=561439 HTTP/1.1" 200 160
INFO 2019-10-23 11:38:26,471 basehttp 124 "OPTIONS /users/1/password/ HTTP/1.1" 200 0
INFO 2019-10-23 11:38:26,668 basehttp 124 "POST /users/1/password/ HTTP/1.1" 200 8
INFO 2019-10-23 11:38:34,283 basehttp 124 "GET /image_codes/97862b9e-4751-43e3-8cd3-f77f200a8dc1/ HTTP/1.1" 200 3294
INFO 2019-10-23 11:38:48,863 basehttp 124 "POST /authorizations/ HTTP/1.1" 200 269
WARNING 2019-10-23 11:38:49,914 log 228 Not Found: /cart/
WARNING 2019-10-23 11:38:49,918 basehttp 124 "GET /cart/ HTTP/1.1" 404 7502
INFO 2019-10-23 15:55:15,497 basehttp 124 "OPTIONS /cart/ HTTP/1.1" 200 0
WARNING 2019-10-23 15:55:15,683 log 228 Not Found: /cart/
WARNING 2019-10-23 15:55:15,683 basehttp 124 "GET /cart/ HTTP/1.1" 404 7608
ERROR 2019-10-23 15:55:21,101 log 228 Internal Server Error: /oauth/qq/authorization/
Traceback (most recent call last):
  File "/home/alvin/.virtualenvs/meiduo_project/lib/python3.6/site-packages/django/core/handlers/exception.py", line 34, in inner
    response = get_response(request)
  File "/home/alvin/.virtualenvs/meiduo_project/lib/python3.6/site-packages/django/core/handlers/base.py", line 126, in _get_response
    response = self.process_exception_by_middleware(e, request)
  File "/home/alvin/.virtualenvs/meiduo_project/lib/python3.6/site-packages/django/core/handlers/base.py", line 124, in _get_response
    response = wrapped_callback(request, *callback_args, **callback_kwargs)
  File "/home/alvin/.virtualenvs/meiduo_project/lib/python3.6/site-packages/django/views/decorators/csrf.py", line 54, in wrapped_view
    return view_func(*args, **kwargs)
  File "/home/alvin/.virtualenvs/meiduo_project/lib/python3.6/site-packages/django/views/generic/base.py", line 68, in view
    return self.dispatch(request, *args, **kwargs)
  File "/home/alvin/.virtualenvs/meiduo_project/lib/python3.6/site-packages/rest_framework/views.py", line 483, in dispatch
    response = self.handle_exception(exc)
  File "/home/alvin/.virtualenvs/meiduo_project/lib/python3.6/site-packages/rest_framework/views.py", line 443, in handle_exception
    self.raise_uncaught_exception(exc)
  File "/home/alvin/.virtualenvs/meiduo_project/lib/python3.6/site-packages/rest_framework/views.py", line 480, in dispatch
    response = handler(request, *args, **kwargs)
  File "/home/alvin/python/workspace/meiduo_project/meiduo_mall/meiduo_mall/apps/oauth/views.py", line 27, in get
    auth_url = oauth.get_auth_url()
AttributeError: 'OAuthQQ' object has no attribute 'get_auth_url'
ERROR 2019-10-23 15:55:21,107 basehttp 124 "GET /oauth/qq/authorization/?state=/ HTTP/1.1" 500 19498
INFO 2019-10-23 15:59:32,652 basehttp 124 "GET /oauth/qq/authorization/?state=/ HTTP/1.1" 200 193
INFO 2019-10-23 16:02:29,759 basehttp 124 "GET /oauth/qq/authorization/?state=/ HTTP/1.1" 200 193
WARNING 2019-10-23 16:04:16,514 log 228 Not Found: /cart/
WARNING 2019-10-23 16:04:16,515 basehttp 124 "GET /cart/ HTTP/1.1" 404 7608
INFO 2019-10-23 16:05:24,724 basehttp 124 "GET /oauth/qq/authorization/?state=/ HTTP/1.1" 200 193
WARNING 2019-10-23 16:07:56,743 log 228 Unauthorized: /oauth/qq/user/
WARNING 2019-10-23 16:07:56,743 basehttp 124 "GET /oauth/qq/user/?code=null HTTP/1.1" 401 43
INFO 2019-10-23 16:10:17,724 basehttp 124 "GET /oauth/qq/authorization/?state=/ HTTP/1.1" 200 193
INFO 2019-10-23 16:16:23,148 basehttp 124 "OPTIONS /cart/ HTTP/1.1" 200 0
WARNING 2019-10-23 16:16:23,553 log 228 Not Found: /cart/
WARNING 2019-10-23 16:16:23,553 basehttp 124 "GET /cart/ HTTP/1.1" 404 7608
INFO 2019-10-23 16:16:37,723 basehttp 124 "GET /oauth/qq/authorization/?state=/ HTTP/1.1" 200 193
INFO 2019-10-23 16:18:11,879 basehttp 124 "GET /oauth/qq/authorization/?state=/ HTTP/1.1" 200 193
WARNING 2019-10-23 16:18:53,184 log 228 Method Not Allowed: /oauth/qq/user/
WARNING 2019-10-23 16:18:53,184 basehttp 124 "GET /oauth/qq/user/?code=9C3EBEB5D69DC739B03E043C3D83A520 HTTP/1.1" 405 45
INFO 2019-10-23 16:20:39,978 basehttp 124 "GET /oauth/qq/authorization/?state=/ HTTP/1.1" 200 193
WARNING 2019-10-23 16:21:11,471 log 228 Method Not Allowed: /oauth/qq/user/
WARNING 2019-10-23 16:21:11,471 basehttp 124 "GET /oauth/qq/user/?code=BD2FCD95F6D91620DBA98EA93B2C62FB HTTP/1.1" 405 45
INFO 2019-10-23 16:32:35,157 basehttp 124 "GET /oauth/qq/authorization/?state=/ HTTP/1.1" 200 193
WARNING 2019-10-23 16:32:56,817 log 228 Method Not Allowed: /oauth/qq/user/
WARNING 2019-10-23 16:32:56,817 basehttp 124 "GET /oauth/qq/user/?code=6C75BA45EA2289FB8FAB09B7C1E0E507 HTTP/1.1" 405 45
INFO 2019-10-23 16:40:02,111 basehttp 124 "GET /oauth/qq/authorization/?state=/ HTTP/1.1" 200 193
WARNING 2019-10-23 16:40:17,514 log 228 Method Not Allowed: /oauth/qq/user/
WARNING 2019-10-23 16:40:17,517 basehttp 124 "GET /oauth/qq/user/?code=CB30BD9F2D89A2B826AFCFE1A1CA17AE HTTP/1.1" 405 45
INFO 2019-10-23 16:41:53,788 basehttp 124 "GET /oauth/qq/authorization/?state=/ HTTP/1.1" 200 193
WARNING 2019-10-23 16:42:06,988 log 228 Method Not Allowed: /oauth/qq/user/
WARNING 2019-10-23 16:42:06,988 basehttp 124 "GET /oauth/qq/user/?code=719D6945DD92F2A0AB4DA7C4EBF9F11D HTTP/1.1" 405 45
INFO 2019-10-23 16:43:23,197 basehttp 124 "GET /oauth/qq/authorization/?state=/ HTTP/1.1" 200 193
ERROR 2019-10-23 16:43:38,171 log 228 Internal Server Error: /oauth/qq/user/
Traceback (most recent call last):
  File "/home/alvin/.virtualenvs/meiduo_project/lib/python3.6/site-packages/django/core/handlers/exception.py", line 34, in inner
    response = get_response(request)
  File "/home/alvin/.virtualenvs/meiduo_project/lib/python3.6/site-packages/django/core/handlers/base.py", line 126, in _get_response
    response = self.process_exception_by_middleware(e, request)
  File "/home/alvin/.virtualenvs/meiduo_project/lib/python3.6/site-packages/django/core/handlers/base.py", line 124, in _get_response
    response = wrapped_callback(request, *callback_args, **callback_kwargs)
  File "/home/alvin/.virtualenvs/meiduo_project/lib/python3.6/site-packages/django/views/decorators/csrf.py", line 54, in wrapped_view
    return view_func(*args, **kwargs)
  File "/home/alvin/.virtualenvs/meiduo_project/lib/python3.6/site-packages/django/views/generic/base.py", line 68, in view
    return self.dispatch(request, *args, **kwargs)
  File "/home/alvin/.virtualenvs/meiduo_project/lib/python3.6/site-packages/rest_framework/views.py", line 483, in dispatch
    response = self.handle_exception(exc)
  File "/home/alvin/.virtualenvs/meiduo_project/lib/python3.6/site-packages/rest_framework/views.py", line 443, in handle_exception
    self.raise_uncaught_exception(exc)
  File "/home/alvin/.virtualenvs/meiduo_project/lib/python3.6/site-packages/rest_framework/views.py", line 480, in dispatch
    response = handler(request, *args, **kwargs)
  File "/home/alvin/python/workspace/meiduo_project/meiduo_mall/meiduo_mall/apps/oauth/views.py", line 73, in get
    oauth = OAuthQQ()
  File "/home/alvin/python/workspace/meiduo_project/meiduo_mall/meiduo_mall/apps/oauth/utils.py", line 16, in __init__
    self.state = state or dev.QQ_STATE
AttributeError: module 'meiduo_mall.settings.dev' has no attribute 'QQ_STATE'
ERROR 2019-10-23 16:43:38,178 basehttp 124 "GET /oauth/qq/user/?code=B0E553FF1D837E120E739A4B495FB17C HTTP/1.1" 500 19788
INFO 2019-10-23 16:46:43,205 basehttp 124 "GET /oauth/qq/authorization/?state=/ HTTP/1.1" 200 193
ERROR 2019-10-23 16:46:59,534 log 228 Internal Server Error: /oauth/qq/user/
Traceback (most recent call last):
  File "/home/alvin/.virtualenvs/meiduo_project/lib/python3.6/site-packages/django/core/handlers/exception.py", line 34, in inner
    response = get_response(request)
  File "/home/alvin/.virtualenvs/meiduo_project/lib/python3.6/site-packages/django/core/handlers/base.py", line 126, in _get_response
    response = self.process_exception_by_middleware(e, request)
  File "/home/alvin/.virtualenvs/meiduo_project/lib/python3.6/site-packages/django/core/handlers/base.py", line 124, in _get_response
    response = wrapped_callback(request, *callback_args, **callback_kwargs)
  File "/home/alvin/.virtualenvs/meiduo_project/lib/python3.6/site-packages/django/views/decorators/csrf.py", line 54, in wrapped_view
    return view_func(*args, **kwargs)
  File "/home/alvin/.virtualenvs/meiduo_project/lib/python3.6/site-packages/django/views/generic/base.py", line 68, in view
    return self.dispatch(request, *args, **kwargs)
  File "/home/alvin/.virtualenvs/meiduo_project/lib/python3.6/site-packages/rest_framework/views.py", line 483, in dispatch
    response = self.handle_exception(exc)
  File "/home/alvin/.virtualenvs/meiduo_project/lib/python3.6/site-packages/rest_framework/views.py", line 443, in handle_exception
    self.raise_uncaught_exception(exc)
  File "/home/alvin/.virtualenvs/meiduo_project/lib/python3.6/site-packages/rest_framework/views.py", line 480, in dispatch
    response = handler(request, *args, **kwargs)
  File "/home/alvin/python/workspace/meiduo_project/meiduo_mall/meiduo_mall/apps/oauth/views.py", line 73, in get
    oauth = OAuthQQ()
  File "/home/alvin/python/workspace/meiduo_project/meiduo_mall/meiduo_mall/apps/oauth/utils.py", line 17, in __init__
    self.state = state or settings.QQ_STATE
  File "/home/alvin/.virtualenvs/meiduo_project/lib/python3.6/site-packages/django/conf/__init__.py", line 58, in __getattr__
    val = getattr(self._wrapped, name)
AttributeError: 'Settings' object has no attribute 'QQ_STATE'
ERROR 2019-10-23 16:46:59,539 basehttp 124 "GET /oauth/qq/user/?code=B099AA8B494841079CD9E11D72576534 HTTP/1.1" 500 19925
INFO 2019-10-23 16:48:02,356 basehttp 124 "GET /oauth/qq/authorization/?state=/ HTTP/1.1" 200 183
ERROR 2019-10-23 16:48:15,444 log 228 Internal Server Error: /oauth/qq/user/
Traceback (most recent call last):
  File "/home/alvin/python/workspace/meiduo_project/meiduo_mall/meiduo_mall/apps/oauth/views.py", line 77, in get
    access_token = oauth.get_access_token(code)
  File "/home/alvin/python/workspace/meiduo_project/meiduo_mall/meiduo_mall/apps/oauth/utils.py", line 51, in get_access_token
    'redirect_uri': self.redirect_uri
AttributeError: 'OAuthQQ' object has no attribute 'redirect_uri'

During handling of the above exception, another exception occurred:

Traceback (most recent call last):
  File "/home/alvin/.virtualenvs/meiduo_project/lib/python3.6/site-packages/django/core/handlers/exception.py", line 34, in inner
    response = get_response(request)
  File "/home/alvin/.virtualenvs/meiduo_project/lib/python3.6/site-packages/django/core/handlers/base.py", line 126, in _get_response
    response = self.process_exception_by_middleware(e, request)
  File "/home/alvin/.virtualenvs/meiduo_project/lib/python3.6/site-packages/django/core/handlers/base.py", line 124, in _get_response
    response = wrapped_callback(request, *callback_args, **callback_kwargs)
  File "/home/alvin/.virtualenvs/meiduo_project/lib/python3.6/site-packages/django/views/decorators/csrf.py", line 54, in wrapped_view
    return view_func(*args, **kwargs)
  File "/home/alvin/.virtualenvs/meiduo_project/lib/python3.6/site-packages/django/views/generic/base.py", line 68, in view
    return self.dispatch(request, *args, **kwargs)
  File "/home/alvin/.virtualenvs/meiduo_project/lib/python3.6/site-packages/rest_framework/views.py", line 483, in dispatch
    response = self.handle_exception(exc)
  File "/home/alvin/.virtualenvs/meiduo_project/lib/python3.6/site-packages/rest_framework/views.py", line 443, in handle_exception
    self.raise_uncaught_exception(exc)
  File "/home/alvin/.virtualenvs/meiduo_project/lib/python3.6/site-packages/rest_framework/views.py", line 480, in dispatch
    response = handler(request, *args, **kwargs)
  File "/home/alvin/python/workspace/meiduo_project/meiduo_mall/meiduo_mall/apps/oauth/views.py", line 79, in get
    except QQAPIError:
NameError: name 'QQAPIError' is not defined
ERROR 2019-10-23 16:48:15,448 basehttp 124 "GET /oauth/qq/user/?code=98A57BBD7822B681331C465B816A8C69 HTTP/1.1" 500 20007
INFO 2019-10-23 16:59:36,427 basehttp 124 "OPTIONS /cart/ HTTP/1.1" 200 0
WARNING 2019-10-23 16:59:36,583 log 228 Not Found: /cart/
WARNING 2019-10-23 16:59:36,588 basehttp 124 "GET /cart/ HTTP/1.1" 404 7608
WARNING 2019-10-23 16:59:38,273 log 228 Not Found: /cart/
WARNING 2019-10-23 16:59:38,275 basehttp 124 "GET /cart/ HTTP/1.1" 404 7608
INFO 2019-10-23 16:59:56,870 basehttp 124 "GET /oauth/qq/authorization/?state=/ HTTP/1.1" 200 193
INFO 2019-10-23 17:07:42,367 basehttp 124 "GET /oauth/qq/authorization/?state=/ HTTP/1.1" 200 193
ERROR 2019-10-23 17:07:55,290 log 228 Internal Server Error: /oauth/qq/user/
Traceback (most recent call last):
  File "/home/alvin/python/workspace/meiduo_project/meiduo_mall/meiduo_mall/apps/oauth/views.py", line 78, in get
    access_token = oauth.get_access_token(code)
  File "/home/alvin/python/workspace/meiduo_project/meiduo_mall/meiduo_mall/apps/oauth/utils.py", line 51, in get_access_token
    'redirect_uri': self.redirect_uri
AttributeError: 'OAuthQQ' object has no attribute 'redirect_uri'

During handling of the above exception, another exception occurred:

Traceback (most recent call last):
  File "/home/alvin/.virtualenvs/meiduo_project/lib/python3.6/site-packages/django/core/handlers/exception.py", line 34, in inner
    response = get_response(request)
  File "/home/alvin/.virtualenvs/meiduo_project/lib/python3.6/site-packages/django/core/handlers/base.py", line 126, in _get_response
    response = self.process_exception_by_middleware(e, request)
  File "/home/alvin/.virtualenvs/meiduo_project/lib/python3.6/site-packages/django/core/handlers/base.py", line 124, in _get_response
    response = wrapped_callback(request, *callback_args, **callback_kwargs)
  File "/home/alvin/.virtualenvs/meiduo_project/lib/python3.6/site-packages/django/views/decorators/csrf.py", line 54, in wrapped_view
    return view_func(*args, **kwargs)
  File "/home/alvin/.virtualenvs/meiduo_project/lib/python3.6/site-packages/django/views/generic/base.py", line 68, in view
    return self.dispatch(request, *args, **kwargs)
  File "/home/alvin/.virtualenvs/meiduo_project/lib/python3.6/site-packages/rest_framework/views.py", line 483, in dispatch
    response = self.handle_exception(exc)
  File "/home/alvin/.virtualenvs/meiduo_project/lib/python3.6/site-packages/rest_framework/views.py", line 443, in handle_exception
    self.raise_uncaught_exception(exc)
  File "/home/alvin/.virtualenvs/meiduo_project/lib/python3.6/site-packages/rest_framework/views.py", line 480, in dispatch
    response = handler(request, *args, **kwargs)
  File "/home/alvin/python/workspace/meiduo_project/meiduo_mall/meiduo_mall/apps/oauth/views.py", line 80, in get
    except QQAPIError:
NameError: name 'QQAPIError' is not defined
ERROR 2019-10-23 17:07:55,308 basehttp 124 "GET /oauth/qq/user/?code=7357EABD43E947D6550CFB18A7A60136 HTTP/1.1" 500 20035
INFO 2019-10-23 17:09:38,765 basehttp 124 "GET /oauth/qq/authorization/?state=/ HTTP/1.1" 200 193
ERROR 2019-10-23 17:09:58,725 log 228 Service Unavailable: /oauth/qq/user/
ERROR 2019-10-23 17:09:58,725 basehttp 124 "GET /oauth/qq/user/?code=BB5AEC4DBDAAD141D5DFAF86C67B7D6E HTTP/1.1" 503 28
INFO 2019-10-23 17:11:27,708 basehttp 124 "OPTIONS /cart/ HTTP/1.1" 200 0
WARNING 2019-10-23 17:11:27,871 log 228 Not Found: /cart/
WARNING 2019-10-23 17:11:27,876 basehttp 124 "GET /cart/ HTTP/1.1" 404 7608
WARNING 2019-10-23 17:11:28,344 log 228 Not Found: /cart/
WARNING 2019-10-23 17:11:28,344 basehttp 124 "GET /cart/ HTTP/1.1" 404 7608
INFO 2019-10-23 17:11:47,437 basehttp 124 "GET /oauth/qq/authorization/?state=/ HTTP/1.1" 200 193
ERROR 2019-10-23 17:12:03,249 log 228 Service Unavailable: /oauth/qq/user/
ERROR 2019-10-23 17:12:03,249 basehttp 124 "GET /oauth/qq/user/?code=9C04426537DBDD37D77B954FB184CB2C HTTP/1.1" 503 28
INFO 2019-10-23 17:15:13,673 basehttp 124 "GET /oauth/qq/authorization/?state=/ HTTP/1.1" 200 193
ERROR 2019-10-23 17:15:29,942 log 228 Service Unavailable: /oauth/qq/user/
ERROR 2019-10-23 17:15:29,942 basehttp 124 "GET /oauth/qq/user/?code=065286580D6B7FB44DA5E3575D14410D HTTP/1.1" 503 28
INFO 2019-10-23 17:16:13,089 basehttp 124 "GET /oauth/qq/authorization/?state=/ HTTP/1.1" 200 193
ERROR 2019-10-23 17:16:25,523 log 228 Service Unavailable: /oauth/qq/user/
ERROR 2019-10-23 17:16:25,523 basehttp 124 "GET /oauth/qq/user/?code=63FBC95CE4ED4BD54B5CC18C0CC928C3 HTTP/1.1" 503 28
INFO 2019-10-23 17:17:48,457 basehttp 124 "GET /oauth/qq/authorization/?state=/ HTTP/1.1" 200 193
WARNING 2019-10-23 17:18:08,323 log 228 Method Not Allowed: /oauth/qq/user/
WARNING 2019-10-23 17:18:08,324 basehttp 124 "GET /oauth/qq/user/?code=378DC41E27490C47926DAC57B0874100 HTTP/1.1" 405 45
INFO 2019-10-23 17:23:01,666 basehttp 124 "GET /oauth/qq/authorization/?state=/ HTTP/1.1" 200 193
WARNING 2019-10-23 17:23:18,172 log 228 Method Not Allowed: /oauth/qq/user/
WARNING 2019-10-23 17:23:18,172 basehttp 124 "GET /oauth/qq/user/?code=24A58F4051B837D44F4E1E140900CABA HTTP/1.1" 405 45
INFO 2019-10-23 17:25:03,138 basehttp 124 "GET /oauth/qq/authorization/?state=/ HTTP/1.1" 200 193
WARNING 2019-10-23 17:25:19,577 log 228 Method Not Allowed: /oauth/qq/user/
WARNING 2019-10-23 17:25:19,577 basehttp 124 "GET /oauth/qq/user/?code=255BD4BCCF0A10F5D660DA2B4FCED7CB HTTP/1.1" 405 45
INFO 2019-10-23 17:34:02,564 basehttp 124 "GET /oauth/qq/authorization/?state=/ HTTP/1.1" 200 193
ERROR 2019-10-23 17:34:14,648 log 228 Service Unavailable: /oauth/qq/user/
ERROR 2019-10-23 17:34:14,648 basehttp 124 "GET /oauth/qq/user/?code=EF1EE587B84A0AC749CBEE6B9801939A HTTP/1.1" 503 28
INFO 2019-10-23 17:39:02,737 basehttp 124 "GET /oauth/qq/authorization/?state=/ HTTP/1.1" 200 193
ERROR 2019-10-23 17:39:14,682 log 228 Service Unavailable: /oauth/qq/user/
ERROR 2019-10-23 17:39:14,682 basehttp 124 "GET /oauth/qq/user/?code=AAFEAD7F46D9945C002CC31F5D1A16F5 HTTP/1.1" 503 28
INFO 2019-10-23 17:46:45,720 basehttp 124 "GET /oauth/qq/authorization/?state=/ HTTP/1.1" 200 193
ERROR 2019-10-23 17:46:58,059 log 228 Service Unavailable: /oauth/qq/user/
ERROR 2019-10-23 17:46:58,059 basehttp 124 "GET /oauth/qq/user/?code=4481334370C11EAB0A70D4AB44B56B54 HTTP/1.1" 503 28
INFO 2019-10-23 17:52:48,274 basehttp 124 "GET /oauth/qq/authorization/?state=/ HTTP/1.1" 200 193
INFO 2019-10-23 17:53:02,033 basehttp 124 "OPTIONS /cart/ HTTP/1.1" 200 0
WARNING 2019-10-23 17:53:02,168 log 228 Not Found: /cart/
WARNING 2019-10-23 17:53:02,170 basehttp 124 "GET /cart/ HTTP/1.1" 404 7835
INFO 2019-10-23 17:53:46,857 basehttp 124 "GET /oauth/qq/authorization/?state=/ HTTP/1.1" 200 193
INFO 2019-10-23 17:54:54,416 basehttp 124 "GET /oauth/qq/authorization/?state=/ HTTP/1.1" 200 193
ERROR 2019-10-23 17:55:59,284 log 228 Internal Server Error: /oauth/qq/authorization/
Traceback (most recent call last):
  File "/home/alvin/.virtualenvs/meiduo_project/lib/python3.6/site-packages/django/core/handlers/exception.py", line 34, in inner
    response = get_response(request)
  File "/home/alvin/.virtualenvs/meiduo_project/lib/python3.6/site-packages/django/core/handlers/base.py", line 126, in _get_response
    response = self.process_exception_by_middleware(e, request)
  File "/home/alvin/.virtualenvs/meiduo_project/lib/python3.6/site-packages/django/core/handlers/base.py", line 124, in _get_response
    response = wrapped_callback(request, *callback_args, **callback_kwargs)
  File "/home/alvin/.virtualenvs/meiduo_project/lib/python3.6/site-packages/django/views/decorators/csrf.py", line 54, in wrapped_view
    return view_func(*args, **kwargs)
  File "/home/alvin/.virtualenvs/meiduo_project/lib/python3.6/site-packages/django/views/generic/base.py", line 68, in view
    return self.dispatch(request, *args, **kwargs)
  File "/home/alvin/.virtualenvs/meiduo_project/lib/python3.6/site-packages/rest_framework/views.py", line 483, in dispatch
    response = self.handle_exception(exc)
  File "/home/alvin/.virtualenvs/meiduo_project/lib/python3.6/site-packages/rest_framework/views.py", line 443, in handle_exception
    self.raise_uncaught_exception(exc)
  File "/home/alvin/.virtualenvs/meiduo_project/lib/python3.6/site-packages/rest_framework/views.py", line 480, in dispatch
    response = handler(request, *args, **kwargs)
  File "/home/alvin/python/workspace/meiduo_project/meiduo_mall/meiduo_mall/apps/oauth/views.py", line 25, in get
    auth_url = oauth.get_auth_url()
AttributeError: 'OAuthQQ' object has no attribute 'get_auth_url'
ERROR 2019-10-23 17:55:59,291 basehttp 124 "GET /oauth/qq/authorization/?state=/ HTTP/1.1" 500 19516
INFO 2019-10-23 17:56:27,987 basehttp 124 "GET /oauth/qq/authorization/?state=/ HTTP/1.1" 200 193
INFO 2019-10-23 18:00:15,919 basehttp 124 "GET /oauth/qq/authorization/?state=/ HTTP/1.1" 200 193
INFO 2019-10-23 18:00:49,217 basehttp 124 "OPTIONS /cart/ HTTP/1.1" 200 0
WARNING 2019-10-23 18:00:49,392 log 228 Not Found: /cart/
WARNING 2019-10-23 18:00:49,395 basehttp 124 "GET /cart/ HTTP/1.1" 404 7833
WARNING 2019-10-23 18:00:49,481 log 228 Not Found: /cart/
WARNING 2019-10-23 18:00:49,483 basehttp 124 "GET /cart/ HTTP/1.1" 404 7833
WARNING 2019-10-23 18:01:01,987 log 228 Not Found: /cart/
WARNING 2019-10-23 18:01:01,990 basehttp 124 "GET /cart/ HTTP/1.1" 404 7833
INFO 2019-10-23 18:01:05,733 basehttp 124 "GET /oauth/qq/authorization/?state=/ HTTP/1.1" 200 193
INFO 2019-10-23 18:03:42,466 basehttp 124 "GET /oauth/qq/authorization/?state=/ HTTP/1.1" 200 193
INFO 2019-10-23 18:04:27,914 basehttp 124 "GET /oauth/qq/authorization/?state=/ HTTP/1.1" 200 194
ERROR 2019-10-23 18:04:36,673 log 228 Service Unavailable: /oauth/qq/user/
ERROR 2019-10-23 18:04:36,673 basehttp 124 "GET /oauth/qq/user/?code=598FAA1E4DE03F5F2AAF5CCD40A8D4D3 HTTP/1.1" 503 28
INFO 2019-10-23 18:06:23,468 basehttp 124 "OPTIONS /cart/ HTTP/1.1" 200 0
WARNING 2019-10-23 18:06:23,631 log 228 Not Found: /cart/
WARNING 2019-10-23 18:06:23,636 basehttp 124 "GET /cart/ HTTP/1.1" 404 7833
INFO 2019-10-23 18:06:26,986 basehttp 124 "GET /oauth/qq/authorization/?state=/ HTTP/1.1" 200 194
ERROR 2019-10-23 18:06:36,899 log 228 Service Unavailable: /oauth/qq/user/
ERROR 2019-10-23 18:06:36,899 basehttp 124 "GET /oauth/qq/user/?code=33E18D6DA0FC40C0CEE0DBB27F9BD877 HTTP/1.1" 503 28
INFO 2019-10-23 18:07:55,876 basehttp 124 "OPTIONS /cart/ HTTP/1.1" 200 0
WARNING 2019-10-23 18:07:56,034 log 228 Not Found: /cart/
WARNING 2019-10-23 18:07:56,036 basehttp 124 "GET /cart/ HTTP/1.1" 404 7833
INFO 2019-10-23 18:07:59,221 basehttp 124 "GET /oauth/qq/authorization/?state=/ HTTP/1.1" 200 194
ERROR 2019-10-23 18:08:08,583 log 228 Service Unavailable: /oauth/qq/user/
ERROR 2019-10-23 18:08:08,583 basehttp 124 "GET /oauth/qq/user/?code=DD21A7B0F60908600E6BE23C5D00493A HTTP/1.1" 503 28
INFO 2019-10-23 18:09:23,010 basehttp 124 "OPTIONS /cart/ HTTP/1.1" 200 0
WARNING 2019-10-23 18:09:23,171 log 228 Not Found: /cart/
WARNING 2019-10-23 18:09:23,174 basehttp 124 "GET /cart/ HTTP/1.1" 404 7833
INFO 2019-10-23 18:09:26,792 basehttp 124 "GET /oauth/qq/authorization/?state=/ HTTP/1.1" 200 194
ERROR 2019-10-23 18:09:35,561 log 228 Service Unavailable: /oauth/qq/user/
ERROR 2019-10-23 18:09:35,561 basehttp 124 "GET /oauth/qq/user/?code=545C8028E2689B46B235E6A0747EF571 HTTP/1.1" 503 28
INFO 2019-10-23 18:12:53,104 basehttp 124 "OPTIONS /cart/ HTTP/1.1" 200 0
WARNING 2019-10-23 18:12:53,300 log 228 Not Found: /cart/
WARNING 2019-10-23 18:12:53,305 basehttp 124 "GET /cart/ HTTP/1.1" 404 7833
INFO 2019-10-23 18:13:12,252 basehttp 124 "GET /oauth/qq/authorization/?state=/ HTTP/1.1" 200 194
ERROR 2019-10-23 18:13:20,357 log 228 Service Unavailable: /oauth/qq/user/
ERROR 2019-10-23 18:13:20,358 basehttp 124 "GET /oauth/qq/user/?code=7FBA8367BC2217121178BCB16308120C HTTP/1.1" 503 28
INFO 2019-10-23 18:15:15,427 basehttp 124 "OPTIONS /cart/ HTTP/1.1" 200 0
WARNING 2019-10-23 18:15:15,574 log 228 Not Found: /cart/
WARNING 2019-10-23 18:15:15,576 basehttp 124 "GET /cart/ HTTP/1.1" 404 7833
INFO 2019-10-23 18:15:18,872 basehttp 124 "GET /oauth/qq/authorization/?state=/ HTTP/1.1" 200 194
ERROR 2019-10-23 18:15:26,776 log 228 Service Unavailable: /oauth/qq/user/
ERROR 2019-10-23 18:15:26,777 basehttp 124 "GET /oauth/qq/user/?code=E92524EBFE6E46F30A6ED38D6AC6861C HTTP/1.1" 503 28
INFO 2019-10-23 18:26:27,788 basehttp 124 "OPTIONS /cart/ HTTP/1.1" 200 0
WARNING 2019-10-23 18:26:27,961 log 228 Not Found: /cart/
WARNING 2019-10-23 18:26:27,964 basehttp 124 "GET /cart/ HTTP/1.1" 404 7833
INFO 2019-10-23 18:26:31,959 basehttp 124 "GET /oauth/qq/authorization/?state=/ HTTP/1.1" 200 194
ERROR 2019-10-23 18:26:40,451 log 228 Internal Server Error: /oauth/qq/user/
Traceback (most recent call last):
  File "/home/alvin/python/workspace/meiduo_project/meiduo_mall/meiduo_mall/apps/oauth/views.py", line 119, in get
    access_token = oauth.get_access_token(code)
  File "/home/alvin/python/workspace/meiduo_project/meiduo_mall/meiduo_mall/apps/oauth/utils.py", line 57, in get_access_token
    'redirect_uri': self.redirect_uri
AttributeError: 'OAuthQQ' object has no attribute 'redirect_uri'

During handling of the above exception, another exception occurred:

Traceback (most recent call last):
  File "/home/alvin/.virtualenvs/meiduo_project/lib/python3.6/site-packages/django/core/handlers/exception.py", line 34, in inner
    response = get_response(request)
  File "/home/alvin/.virtualenvs/meiduo_project/lib/python3.6/site-packages/django/core/handlers/base.py", line 126, in _get_response
    response = self.process_exception_by_middleware(e, request)
  File "/home/alvin/.virtualenvs/meiduo_project/lib/python3.6/site-packages/django/core/handlers/base.py", line 124, in _get_response
    response = wrapped_callback(request, *callback_args, **callback_kwargs)
  File "/home/alvin/.virtualenvs/meiduo_project/lib/python3.6/site-packages/django/views/decorators/csrf.py", line 54, in wrapped_view
    return view_func(*args, **kwargs)
  File "/home/alvin/.virtualenvs/meiduo_project/lib/python3.6/site-packages/django/views/generic/base.py", line 68, in view
    return self.dispatch(request, *args, **kwargs)
  File "/home/alvin/.virtualenvs/meiduo_project/lib/python3.6/site-packages/rest_framework/views.py", line 483, in dispatch
    response = self.handle_exception(exc)
  File "/home/alvin/.virtualenvs/meiduo_project/lib/python3.6/site-packages/rest_framework/views.py", line 443, in handle_exception
    self.raise_uncaught_exception(exc)
  File "/home/alvin/.virtualenvs/meiduo_project/lib/python3.6/site-packages/rest_framework/views.py", line 480, in dispatch
    response = handler(request, *args, **kwargs)
  File "/home/alvin/python/workspace/meiduo_project/meiduo_mall/meiduo_mall/apps/oauth/views.py", line 123, in get
    except QQAPIError:
NameError: name 'QQAPIError' is not defined
ERROR 2019-10-23 18:26:40,455 basehttp 124 "GET /oauth/qq/user/?code=E53195AD2612BF98269F740E9FA855A1 HTTP/1.1" 500 20037
INFO 2019-10-23 18:27:42,948 basehttp 124 "OPTIONS /cart/ HTTP/1.1" 200 0
WARNING 2019-10-23 18:27:43,128 log 228 Not Found: /cart/
WARNING 2019-10-23 18:27:43,131 basehttp 124 "GET /cart/ HTTP/1.1" 404 7833
INFO 2019-10-23 18:27:46,090 basehttp 124 "GET /oauth/qq/authorization/?state=/ HTTP/1.1" 200 194
ERROR 2019-10-23 18:27:54,713 log 228 Internal Server Error: /oauth/qq/user/
Traceback (most recent call last):
  File "/home/alvin/python/workspace/meiduo_project/meiduo_mall/meiduo_mall/apps/oauth/utils.py", line 71, in get_access_token
    access_token = resp_dict.get("access_token")[0]
TypeError: 'NoneType' object is not subscriptable

During handling of the above exception, another exception occurred:

Traceback (most recent call last):
  File "/home/alvin/python/workspace/meiduo_project/meiduo_mall/meiduo_mall/apps/oauth/views.py", line 119, in get
    access_token = oauth.get_access_token(code)
  File "/home/alvin/python/workspace/meiduo_project/meiduo_mall/meiduo_mall/apps/oauth/utils.py", line 75, in get_access_token
    raise QQAPIException('峰access_token寮甯')
NameError: name 'QQAPIException' is not defined

During handling of the above exception, another exception occurred:

Traceback (most recent call last):
  File "/home/alvin/.virtualenvs/meiduo_project/lib/python3.6/site-packages/django/core/handlers/exception.py", line 34, in inner
    response = get_response(request)
  File "/home/alvin/.virtualenvs/meiduo_project/lib/python3.6/site-packages/django/core/handlers/base.py", line 126, in _get_response
    response = self.process_exception_by_middleware(e, request)
  File "/home/alvin/.virtualenvs/meiduo_project/lib/python3.6/site-packages/django/core/handlers/base.py", line 124, in _get_response
    response = wrapped_callback(request, *callback_args, **callback_kwargs)
  File "/home/alvin/.virtualenvs/meiduo_project/lib/python3.6/site-packages/django/views/decorators/csrf.py", line 54, in wrapped_view
    return view_func(*args, **kwargs)
  File "/home/alvin/.virtualenvs/meiduo_project/lib/python3.6/site-packages/django/views/generic/base.py", line 68, in view
    return self.dispatch(request, *args, **kwargs)
  File "/home/alvin/.virtualenvs/meiduo_project/lib/python3.6/site-packages/rest_framework/views.py", line 483, in dispatch
    response = self.handle_exception(exc)
  File "/home/alvin/.virtualenvs/meiduo_project/lib/python3.6/site-packages/rest_framework/views.py", line 443, in handle_exception
    self.raise_uncaught_exception(exc)
  File "/home/alvin/.virtualenvs/meiduo_project/lib/python3.6/site-packages/rest_framework/views.py", line 480, in dispatch
    response = handler(request, *args, **kwargs)
  File "/home/alvin/python/workspace/meiduo_project/meiduo_mall/meiduo_mall/apps/oauth/views.py", line 123, in get
    except QQAPIError:
NameError: name 'QQAPIError' is not defined
ERROR 2019-10-23 18:27:54,720 basehttp 124 "GET /oauth/qq/user/?code=06458DBBA94E2012CFE4207709489207 HTTP/1.1" 500 20332
INFO 2019-10-23 18:31:32,262 basehttp 124 "OPTIONS /cart/ HTTP/1.1" 200 0
WARNING 2019-10-23 18:31:32,424 log 228 Not Found: /cart/
WARNING 2019-10-23 18:31:32,429 basehttp 124 "GET /cart/ HTTP/1.1" 404 7833
INFO 2019-10-23 18:31:35,861 basehttp 124 "GET /oauth/qq/authorization/?state=/ HTTP/1.1" 200 194
ERROR 2019-10-23 18:31:45,176 log 228 Service Unavailable: /oauth/qq/user/
ERROR 2019-10-23 18:31:45,176 basehttp 124 "GET /oauth/qq/user/?code=9C5057A07B15DB9621A06C168D2BCBD6 HTTP/1.1" 503 28
